Archive member included to satisfy reference by file (symbol)

c:/program files (x86)/atmel/studio/7.0/toolchain/arm/arm-gnu-toolchain/bin/../lib/gcc/arm-none-eabi/6.3.1/thumb/v6-m\libgcc.a(_udivsi3.o)
                              src/ASF/common2/services/delay/sam0/systick_counter.o (__aeabi_uidiv)
c:/program files (x86)/atmel/studio/7.0/toolchain/arm/arm-gnu-toolchain/bin/../lib/gcc/arm-none-eabi/6.3.1/thumb/v6-m\libgcc.a(_divsi3.o)
                              src/ASF/thirdparty/fatfs/fatfs-r0.09/src/ff.o (__aeabi_idiv)
c:/program files (x86)/atmel/studio/7.0/toolchain/arm/arm-gnu-toolchain/bin/../lib/gcc/arm-none-eabi/6.3.1/thumb/v6-m\libgcc.a(_dvmd_tls.o)
                              c:/program files (x86)/atmel/studio/7.0/toolchain/arm/arm-gnu-toolchain/bin/../lib/gcc/arm-none-eabi/6.3.1/thumb/v6-m\libgcc.a(_udivsi3.o) (__aeabi_idiv0)
c:/program files (x86)/atmel/studio/7.0/toolchain/arm/arm-gnu-toolchain/bin/../lib/gcc/arm-none-eabi/6.3.1/thumb/v6-m\libgcc.a(_muldi3.o)
                              src/ASF/sam0/drivers/sercom/sercom.o (__aeabi_lmul)
c:/program files (x86)/atmel/studio/7.0/toolchain/arm/arm-gnu-toolchain/bin/../lib/gcc/arm-none-eabi/6.3.1/thumb/v6-m\libgcc.a(adddf3.o)
                              src/ASF/sam0/drivers/sercom/i2c/i2c_sam0/i2c_master.o (__aeabi_dadd)
c:/program files (x86)/atmel/studio/7.0/toolchain/arm/arm-gnu-toolchain/bin/../lib/gcc/arm-none-eabi/6.3.1/thumb/v6-m\libgcc.a(divdf3.o)
                              src/ASF/sam0/drivers/sercom/i2c/i2c_sam0/i2c_master.o (__aeabi_ddiv)
c:/program files (x86)/atmel/studio/7.0/toolchain/arm/arm-gnu-toolchain/bin/../lib/gcc/arm-none-eabi/6.3.1/thumb/v6-m\libgcc.a(muldf3.o)
                              src/ASF/sam0/drivers/sercom/i2c/i2c_sam0/i2c_master.o (__aeabi_dmul)
c:/program files (x86)/atmel/studio/7.0/toolchain/arm/arm-gnu-toolchain/bin/../lib/gcc/arm-none-eabi/6.3.1/thumb/v6-m\libgcc.a(subdf3.o)
                              src/ASF/sam0/drivers/sercom/i2c/i2c_sam0/i2c_master.o (__aeabi_dsub)
c:/program files (x86)/atmel/studio/7.0/toolchain/arm/arm-gnu-toolchain/bin/../lib/gcc/arm-none-eabi/6.3.1/thumb/v6-m\libgcc.a(fixdfsi.o)
                              src/ASF/sam0/drivers/sercom/i2c/i2c_sam0/i2c_master.o (__aeabi_d2iz)
c:/program files (x86)/atmel/studio/7.0/toolchain/arm/arm-gnu-toolchain/bin/../lib/gcc/arm-none-eabi/6.3.1/thumb/v6-m\libgcc.a(floatunsidf.o)
                              src/ASF/sam0/drivers/sercom/i2c/i2c_sam0/i2c_master.o (__aeabi_ui2d)
c:/program files (x86)/atmel/studio/7.0/toolchain/arm/arm-gnu-toolchain/bin/../lib/gcc/arm-none-eabi/6.3.1/thumb/v6-m\libgcc.a(_clzsi2.o)
                              c:/program files (x86)/atmel/studio/7.0/toolchain/arm/arm-gnu-toolchain/bin/../lib/gcc/arm-none-eabi/6.3.1/thumb/v6-m\libgcc.a(adddf3.o) (__clzsi2)
c:/program files (x86)/atmel/studio/7.0/toolchain/arm/arm-gnu-toolchain/bin/../lib/gcc/arm-none-eabi/6.3.1/../../../../arm-none-eabi/lib/thumb/v6-m\libc_nano.a(lib_a-exit.o)
                              c:/program files (x86)/atmel/studio/7.0/toolchain/arm/arm-gnu-toolchain/bin/../lib/gcc/arm-none-eabi/6.3.1/../../../../arm-none-eabi/lib/thumb/v6-m/crt0.o (exit)
c:/program files (x86)/atmel/studio/7.0/toolchain/arm/arm-gnu-toolchain/bin/../lib/gcc/arm-none-eabi/6.3.1/../../../../arm-none-eabi/lib/thumb/v6-m\libc_nano.a(lib_a-impure.o)
                              c:/program files (x86)/atmel/studio/7.0/toolchain/arm/arm-gnu-toolchain/bin/../lib/gcc/arm-none-eabi/6.3.1/../../../../arm-none-eabi/lib/thumb/v6-m\libc_nano.a(lib_a-exit.o) (_global_impure_ptr)
c:/program files (x86)/atmel/studio/7.0/toolchain/arm/arm-gnu-toolchain/bin/../lib/gcc/arm-none-eabi/6.3.1/../../../../arm-none-eabi/lib/thumb/v6-m\libc_nano.a(lib_a-init.o)
                              c:/program files (x86)/atmel/studio/7.0/toolchain/arm/arm-gnu-toolchain/bin/../lib/gcc/arm-none-eabi/6.3.1/../../../../arm-none-eabi/lib/thumb/v6-m/crt0.o (__libc_init_array)
c:/program files (x86)/atmel/studio/7.0/toolchain/arm/arm-gnu-toolchain/bin/../lib/gcc/arm-none-eabi/6.3.1/../../../../arm-none-eabi/lib/thumb/v6-m\libc_nano.a(lib_a-malloc.o)
                              src/SerialConsole/circular_buffer.o (malloc)
c:/program files (x86)/atmel/studio/7.0/toolchain/arm/arm-gnu-toolchain/bin/../lib/gcc/arm-none-eabi/6.3.1/../../../../arm-none-eabi/lib/thumb/v6-m\libc_nano.a(lib_a-memcpy-stub.o)
                              src/ASF/thirdparty/fatfs/fatfs-port-r0.09/diskio.o (memcpy)
c:/program files (x86)/atmel/studio/7.0/toolchain/arm/arm-gnu-toolchain/bin/../lib/gcc/arm-none-eabi/6.3.1/../../../../arm-none-eabi/lib/thumb/v6-m\libc_nano.a(lib_a-memset.o)
                              c:/program files (x86)/atmel/studio/7.0/toolchain/arm/arm-gnu-toolchain/bin/../lib/gcc/arm-none-eabi/6.3.1/../../../../arm-none-eabi/lib/thumb/v6-m/crt0.o (memset)
[...]
Memory Configuration

Name             Origin             Length             Attributes
rom              0x00000000         0x00040000         xr
ram              0x20000000         0x00008000         xrw
*default*        0x00000000         0xffffffff

Linker script and memory map

LOAD c:/program files (x86)/atmel/studio/7.0/toolchain/arm/arm-gnu-toolchain/bin/../lib/gcc/arm-none-eabi/6.3.1/thumb/v6-m/crti.o
LOAD c:/program files (x86)/atmel/studio/7.0/toolchain/arm/arm-gnu-toolchain/bin/../lib/gcc/arm-none-eabi/6.3.1/thumb/v6-m/crtbegin.o
LOAD c:/program files (x86)/atmel/studio/7.0/toolchain/arm/arm-gnu-toolchain/bin/../lib/gcc/arm-none-eabi/6.3.1/../../../../arm-none-eabi/lib/thumb/v6-m/crt0.o
LOAD src/ASF/common2/services/delay/sam0/systick_counter.o
LOAD src/Systick/Systick.o
LOAD src/ASF/common/services/crc32/crc32.o
LOAD src/ASF/sam0/boards/board_init.o
LOAD src/ASF/sam0/drivers/dsu/crc32/crc32.o
LOAD src/ASF/sam0/drivers/nvm/nvm.o
LOAD src/ASF/sam0/drivers/pac/pac_sam_d_r_h/pac.o
LOAD src/ASF/sam0/drivers/sercom/i2c/i2c_sam0/i2c_master.o
LOAD src/SD Card/SdCard.o
LOAD src/SerialConsole/circular_buffer.o
LOAD src/SerialConsole/SerialConsole.o
LOAD src/ASF/common2/components/memory/sd_mmc/sd_mmc.o
LOAD src/ASF/common2/components/memory/sd_mmc/sd_mmc_mem.o
LOAD src/ASF/common2/components/memory/sd_mmc/sd_mmc_spi.o
LOAD src/ASF/common/services/storage/ctrl_access/ctrl_access.o
LOAD src/ASF/common/utils/interrupt/interrupt_sam_nvic.o
LOAD src/ASF/sam0/drivers/port/port.o
LOAD src/ASF/sam0/drivers/rtc/rtc_sam_d_r_h/rtc_calendar.o
LOAD src/ASF/sam0/drivers/sercom/sercom.o
LOAD src/ASF/sam0/drivers/sercom/sercom_interrupt.o
LOAD src/ASF/sam0/drivers/sercom/spi/spi.o
LOAD src/ASF/sam0/drivers/sercom/spi/spi_interrupt.o
LOAD src/ASF/sam0/drivers/sercom/usart/usart.o
LOAD src/ASF/sam0/drivers/sercom/usart/usart_interrupt.o
LOAD src/ASF/sam0/drivers/system/clock/clock_samd21_r21_da_ha1/clock.o
LOAD src/ASF/sam0/drivers/system/clock/clock_samd21_r21_da_ha1/gclk.o
LOAD src/ASF/sam0/drivers/system/interrupt/system_interrupt.o
LOAD src/ASF/sam0/drivers/system/pinmux/pinmux.o
LOAD src/ASF/sam0/drivers/system/system.o
LOAD src/ASF/sam0/utils/cmsis/samd21/source/gcc/startup_samd21.o
LOAD src/ASF/sam0/utils/cmsis/samd21/source/system_samd21.o
LOAD src/ASF/sam0/utils/stdio/read.o
LOAD src/ASF/sam0/utils/stdio/write.o
LOAD src/ASF/sam0/utils/syscalls/gcc/syscalls.o
LOAD src/ASF/thirdparty/fatfs/fatfs-port-r0.09/diskio.o
LOAD src/ASF/thirdparty/fatfs/fatfs-port-r0.09/sam0/fattime_rtc.o
LOAD src/ASF/thirdparty/fatfs/fatfs-r0.09/src/ff.o
LOAD src/ASF/thirdparty/fatfs/fatfs-r0.09/src/option/ccsbcs.o
LOAD src/BootMain.o
START GROUP
LOAD ../src/ASF/thirdparty/CMSIS/Lib/GCC\libarm_cortexM0l_math.a
LOAD c:/program files (x86)/atmel/studio/7.0/toolchain/arm/arm-gnu-toolchain/bin/../lib/gcc/arm-none-eabi/6.3.1/../../../../arm-none-eabi/lib/thumb/v6-m\libm.a
END GROUP
                0x00002000                __stack_size__ = 0x2000
START GROUP
LOAD c:/program files (x86)/atmel/studio/7.0/toolchain/arm/arm-gnu-toolchain/bin/../lib/gcc/arm-none-eabi/6.3.1/thumb/v6-m\libgcc.a
LOAD c:/program files (x86)/atmel/studio/7.0/toolchain/arm/arm-gnu-toolchain/bin/../lib/gcc/arm-none-eabi/6.3.1/../../../../arm-none-eabi/lib/thumb/v6-m\libc_nano.a
END GROUP
START GROUP
LOAD c:/program files (x86)/atmel/studio/7.0/toolchain/arm/arm-gnu-toolchain/bin/../lib/gcc/arm-none-eabi/6.3.1/thumb/v6-m\libgcc.a
LOAD c:/program files (x86)/atmel/studio/7.0/toolchain/arm/arm-gnu-toolchain/bin/../lib/gcc/arm-none-eabi/6.3.1/../../../../arm-none-eabi/lib/thumb/v6-m\libc_nano.a
END GROUP
LOAD c:/program files (x86)/atmel/studio/7.0/toolchain/arm/arm-gnu-toolchain/bin/../lib/gcc/arm-none-eabi/6.3.1/thumb/v6-m/crtend.o
LOAD c:/program files (x86)/atmel/studio/7.0/toolchain/arm/arm-gnu-toolchain/bin/../lib/gcc/arm-none-eabi/6.3.1/thumb/v6-m/crtn.o
                0x00002000                STACK_SIZE = DEFINED (STACK_SIZE)?STACK_SIZE:DEFINED (__stack_size__)?__stack_size__:0x2000

.text           0x00000000     0xb830
                0x00000000                . = ALIGN (0x4)
                0x00000000                _sfixed = .
 *(.vectors .vectors.*)
 .vectors       0x00000000       0xb4 src/ASF/sam0/utils/cmsis/samd21/source/gcc/startup_samd21.o
                0x00000000                exception_table
 *(.text .text.* .gnu.linkonce.t.*)
 .text          0x000000b4       0x60 c:/program files (x86)/atmel/studio/7.0/toolchain/arm/arm-gnu-toolchain/bin/../lib/gcc/arm-none-eabi/6.3.1/thumb/v6-m/crtbegin.o
 .text.delay_cycles
                0x00000114       0x34 src/ASF/common2/services/delay/sam0/systick_counter.o
 .text.delay_init
                0x00000148       0x58 src/ASF/common2/services/delay/sam0/systick_counter.o
                0x00000148                delay_init
 .text.delay_cycles_ms
                0x000001a0       0x30 src/ASF/common2/services/delay/sam0/systick_counter.o
                0x000001a0                delay_cycles_ms
 .text.GetSystick
                0x000001d0       0x14 src/Systick/Systick.o
                0x000001d0                GetSystick
 .text.SysTick_Handler
                0x000001e4       0x18 src/Systick/Systick.o
                0x000001e4                SysTick_Handler
 .text.system_pinmux_get_group_from_gpio_pin
                0x000001fc       0x60 src/ASF/sam0/boards/board_init.o
 .text.port_get_group_from_gpio_pin
                0x0000025c       0x24 src/ASF/sam0/boards/board_init.o
 .text.port_get_config_defaults
                0x00000280       0x22 src/ASF/sam0/boards/board_init.o
 *fill*         0x000002a2        0x2 
 .text.port_pin_set_output_level
                0x000002a4       0x54 src/ASF/sam0/boards/board_init.o
 .text.system_board_init
                0x000002f8       0x50 src/ASF/sam0/boards/board_init.o
                0x000002f8                board_init
                0x000002f8                system_board_init
 .text.nvm_is_ready
                0x00000348       0x28 src/ASF/sam0/drivers/nvm/nvm.o
 .text.system_apb_clock_set_mask
                0x00000370       0x5c src/ASF/sam0/drivers/nvm/nvm.o
 .text.nvm_set_config
                0x000003cc       0xd8 src/ASF/sam0/drivers/nvm/nvm.o
                0x000003cc                nvm_set_config
 .text.SdCard_Initiate
                0x000004a4       0x6c src/SD Card/SdCard.o
                0x000004a4                SdCard_Initiate
 .text.advance_pointer
                0x00000510       0x60 src/SerialConsole/circular_buffer.o
 .text.retreat_pointer
                0x00000570       0x34 src/SerialConsole/circular_buffer.o
 .text.circular_buf_init
                0x000005a4       0x3c src/SerialConsole/circular_buffer.o
                0x000005a4                circular_buf_init
 .text.circular_buf_reset
                0x000005e0       0x22 src/SerialConsole/circular_buffer.o
                0x000005e0                circular_buf_reset
 *fill*         0x00000602        0x2 
 .text.circular_buf_put
                0x00000604       0x34 src/SerialConsole/circular_buffer.o
                0x00000604                circular_buf_put
 .text.circular_buf_get
                0x00000638       0x54 src/SerialConsole/circular_buffer.o
                0x00000638                circular_buf_get
 .text.circular_buf_empty
                0x0000068c       0x38 src/SerialConsole/circular_buffer.o
                0x0000068c                circular_buf_empty
 .text.system_interrupt_enable
                0x000006c4       0x2c src/SerialConsole/SerialConsole.o
 .text.system_interrupt_disable
                0x000006f0       0x30 src/SerialConsole/SerialConsole.o
 .text.usart_is_syncing
                0x00000720       0x20 src/SerialConsole/SerialConsole.o
 .text._usart_wait_for_sync
                0x00000740       0x24 src/SerialConsole/SerialConsole.o
 .text.usart_get_config_defaults
                0x00000764       0xbe src/SerialConsole/SerialConsole.o
 *fill*         0x00000822        0x2 
 .text.usart_enable
                0x00000824       0x48 src/SerialConsole/SerialConsole.o
 .text.usart_disable
                0x0000086c       0x4c src/SerialConsole/SerialConsole.o
 .text.usart_enable_callback
                0x000008b8       0x36 src/SerialConsole/SerialConsole.o
 *fill*         0x000008ee        0x2 
 .text.usart_serial_putchar
                0x000008f0       0x34 src/SerialConsole/SerialConsole.o
 .text.usart_serial_getchar
                0x00000924       0x40 src/SerialConsole/SerialConsole.o
 .text.stdio_serial_init
                0x00000964       0x60 src/SerialConsole/SerialConsole.o
 .text.InitializeSerialConsole
                0x000009c4       0x70 src/SerialConsole/SerialConsole.o
                0x000009c4                InitializeSerialConsole
 .text.DeinitializeSerialConsole
                0x00000a34       0x1c src/SerialConsole/SerialConsole.o
                0x00000a34                DeinitializeSerialConsole
 .text.SerialConsoleWriteString
                0x00000a50       0x8c src/SerialConsole/SerialConsole.o
                0x00000a50                SerialConsoleWriteString
 .text.LogMessage
                0x00000adc       0x1c src/SerialConsole/SerialConsole.o
                0x00000adc                LogMessage
 .text.configure_usart
                0x00000af8       0x88 src/SerialConsole/SerialConsole.o
 .text.configure_usart_callbacks
                0x00000b80       0x4c src/SerialConsole/SerialConsole.o
 .text.usart_read_callback
                0x00000bcc       0x70 src/SerialConsole/SerialConsole.o
                0x00000bcc                usart_read_callback
 .text.usart_write_callback
                0x00000c3c       0x44 src/SerialConsole/SerialConsole.o
                0x00000c3c                usart_write_callback
 .text.SDMMC_UNSTUFF_BITS
                0x00000c80      0x15c src/ASF/common2/components/memory/sd_mmc/sd_mmc.o
 .text.mmc_spi_op_cond
                0x00000ddc       0xac src/ASF/common2/components/memory/sd_mmc/sd_mmc.o
 .text.sd_spi_op_cond
                0x00000e88       0xe4 src/ASF/common2/components/memory/sd_mmc/sd_mmc.o
 .text.sdio_op_cond
                0x00000f6c        0xc src/ASF/common2/components/memory/sd_mmc/sd_mmc.o
 .text.sd_cmd8  0x00000f78       0x70 src/ASF/common2/components/memory/sd_mmc/sd_mmc.o
 .text.mmc_cmd8
                0x00000fe8      0x12c src/ASF/common2/components/memory/sd_mmc/sd_mmc.o
 .text.sd_mmc_cmd9_spi
                0x00001114       0x70 src/ASF/common2/components/memory/sd_mmc/sd_mmc.o
 .text.mmc_decode_csd
                0x00001184      0x130 src/ASF/common2/components/memory/sd_mmc/sd_mmc.o
 .text.sd_decode_csd
                0x000012b4       0xec src/ASF/common2/components/memory/sd_mmc/sd_mmc.o
 .text.sd_mmc_cmd13
                0x000013a0       0x5c src/ASF/common2/components/memory/sd_mmc/sd_mmc.o
 .text.sd_acmd51
                0x000013fc      0x108 src/ASF/common2/components/memory/sd_mmc/sd_mmc.o
 .text.sd_mmc_select_slot
                0x00001504       0xc4 src/ASF/common2/components/memory/sd_mmc/sd_mmc.o
 .text.sd_mmc_configure_slot
                0x000015c8       0x38 src/ASF/common2/components/memory/sd_mmc/sd_mmc.o
 .text.sd_mmc_deselect_slot
                0x00001600       0x24 src/ASF/common2/components/memory/sd_mmc/sd_mmc.o
 .text.sd_mmc_spi_card_init
                0x00001624      0x1ac src/ASF/common2/components/memory/sd_mmc/sd_mmc.o
 .text.sd_mmc_spi_install_mmc
                0x000017d0      0x100 src/ASF/common2/components/memory/sd_mmc/sd_mmc.o
 .text.sd_mmc_init
                0x000018d0       0x50 src/ASF/common2/components/memory/sd_mmc/sd_mmc.o
                0x000018d0                sd_mmc_init
 .text.sd_mmc_check
                0x00001920       0x74 src/ASF/common2/components/memory/sd_mmc/sd_mmc.o
                0x00001920                sd_mmc_check
 .text.sd_mmc_get_type
                0x00001994       0x3c src/ASF/common2/components/memory/sd_mmc/sd_mmc.o
                0x00001994                sd_mmc_get_type
 .text.sd_mmc_get_capacity
                0x000019d0       0x3c src/ASF/common2/components/memory/sd_mmc/sd_mmc.o
                0x000019d0                sd_mmc_get_capacity
 .text.sd_mmc_is_write_protected
                0x00001a0c       0x16 src/ASF/common2/components/memory/sd_mmc/sd_mmc.o
                0x00001a0c                sd_mmc_is_write_protected
 *fill*         0x00001a22        0x2 
 .text.sd_mmc_init_read_blocks
                0x00001a24       0xec src/ASF/common2/components/memory/sd_mmc/sd_mmc.o
                0x00001a24                sd_mmc_init_read_blocks
 .text.sd_mmc_start_read_blocks
                0x00001b10       0x58 src/ASF/common2/components/memory/sd_mmc/sd_mmc.o
                0x00001b10                sd_mmc_start_read_blocks
 .text.sd_mmc_wait_end_of_read_blocks
                0x00001b68       0x98 src/ASF/common2/components/memory/sd_mmc/sd_mmc.o
                0x00001b68                sd_mmc_wait_end_of_read_blocks
 .text.sd_mmc_init_write_blocks
                0x00001c00       0xe8 src/ASF/common2/components/memory/sd_mmc/sd_mmc.o
                0x00001c00                sd_mmc_init_write_blocks
 .text.sd_mmc_start_write_blocks
                0x00001ce8       0x58 src/ASF/common2/components/memory/sd_mmc/sd_mmc.o
                0x00001ce8                sd_mmc_start_write_blocks
 .text.sd_mmc_wait_end_of_write_blocks
                0x00001d40       0x6c src/ASF/common2/components/memory/sd_mmc/sd_mmc.o
                0x00001d40                sd_mmc_wait_end_of_write_blocks
 .text.sd_mmc_test_unit_ready
                0x00001dac       0x78 src/ASF/common2/components/memory/sd_mmc/sd_mmc_mem.o
                0x00001dac                sd_mmc_test_unit_ready
 .text.sd_mmc_test_unit_ready_0
                0x00001e24       0x18 src/ASF/common2/components/memory/sd_mmc/sd_mmc_mem.o
                0x00001e24                sd_mmc_test_unit_ready_0
 .text.sd_mmc_read_capacity
                0x00001e3c       0x40 src/ASF/common2/components/memory/sd_mmc/sd_mmc_mem.o
                0x00001e3c                sd_mmc_read_capacity
 .text.sd_mmc_read_capacity_0
                0x00001e7c       0x20 src/ASF/common2/components/memory/sd_mmc/sd_mmc_mem.o
                0x00001e7c                sd_mmc_read_capacity_0
 .text.sd_mmc_unload
                0x00001e9c       0x2c src/ASF/common2/components/memory/sd_mmc/sd_mmc_mem.o
                0x00001e9c                sd_mmc_unload
 .text.sd_mmc_unload_0
                0x00001ec8       0x28 src/ASF/common2/components/memory/sd_mmc/sd_mmc_mem.o
                0x00001ec8                sd_mmc_unload_0
 .text.sd_mmc_wr_protect
                0x00001ef0       0x24 src/ASF/common2/components/memory/sd_mmc/sd_mmc_mem.o
                0x00001ef0                sd_mmc_wr_protect
 .text.sd_mmc_wr_protect_0
                0x00001f14       0x18 src/ASF/common2/components/memory/sd_mmc/sd_mmc_mem.o
                0x00001f14                sd_mmc_wr_protect_0
 .text.sd_mmc_removal
                0x00001f2c       0x16 src/ASF/common2/components/memory/sd_mmc/sd_mmc_mem.o
                0x00001f2c                sd_mmc_removal
 *fill*         0x00001f42        0x2 
 .text.sd_mmc_removal_0
                0x00001f44       0x18 src/ASF/common2/components/memory/sd_mmc/sd_mmc_mem.o
                0x00001f44                sd_mmc_removal_0
 .text.sd_mmc_mem_2_ram
                0x00001f5c       0x6c src/ASF/common2/components/memory/sd_mmc/sd_mmc_mem.o
                0x00001f5c                sd_mmc_mem_2_ram
 .text.sd_mmc_mem_2_ram_0
                0x00001fc8       0x24 src/ASF/common2/components/memory/sd_mmc/sd_mmc_mem.o
                0x00001fc8                sd_mmc_mem_2_ram_0
 .text.sd_mmc_ram_2_mem
                0x00001fec       0x6c src/ASF/common2/components/memory/sd_mmc/sd_mmc_mem.o
                0x00001fec                sd_mmc_ram_2_mem
 .text.sd_mmc_ram_2_mem_0
                0x00002058       0x24 src/ASF/common2/components/memory/sd_mmc/sd_mmc_mem.o
                0x00002058                sd_mmc_ram_2_mem_0
 .text.system_pinmux_get_group_from_gpio_pin
                0x0000207c       0x60 src/ASF/common2/components/memory/sd_mmc/sd_mmc_spi.o
 .text.port_get_group_from_gpio_pin
                0x000020dc       0x24 src/ASF/common2/components/memory/sd_mmc/sd_mmc_spi.o
 .text.port_get_config_defaults
                0x00002100       0x22 src/ASF/common2/components/memory/sd_mmc/sd_mmc_spi.o
 *fill*         0x00002122        0x2 
 .text.port_pin_set_output_level
                0x00002124       0x54 src/ASF/common2/components/memory/sd_mmc/sd_mmc_spi.o
 .text.system_interrupt_enable
                0x00002178       0x2c src/ASF/common2/components/memory/sd_mmc/sd_mmc_spi.o
 .text.spi_is_syncing
                0x000021a4       0x20 src/ASF/common2/components/memory/sd_mmc/sd_mmc_spi.o
 .text.spi_get_config_defaults
                0x000021c4       0x84 src/ASF/common2/components/memory/sd_mmc/sd_mmc_spi.o
 .text.spi_slave_inst_get_config_defaults
                0x00002248       0x22 src/ASF/common2/components/memory/sd_mmc/sd_mmc_spi.o
 *fill*         0x0000226a        0x2 
 .text.spi_attach_slave
                0x0000226c       0x64 src/ASF/common2/components/memory/sd_mmc/sd_mmc_spi.o
 .text.spi_enable
                0x000022d0       0x50 src/ASF/common2/components/memory/sd_mmc/sd_mmc_spi.o
 .text.sd_mmc_spi_crc7
                0x00002320       0xbc src/ASF/common2/components/memory/sd_mmc/sd_mmc_spi.o
 .text.sd_mmc_spi_wait_busy
                0x000023dc       0x6c src/ASF/common2/components/memory/sd_mmc/sd_mmc_spi.o
 .text.sd_mmc_spi_start_read_block
                0x00002448       0x84 src/ASF/common2/components/memory/sd_mmc/sd_mmc_spi.o
 .text.sd_mmc_spi_stop_read_block
                0x000024cc       0x2c src/ASF/common2/components/memory/sd_mmc/sd_mmc_spi.o
 .text.sd_mmc_spi_start_write_block
                0x000024f8       0x50 src/ASF/common2/components/memory/sd_mmc/sd_mmc_spi.o
 .text.sd_mmc_spi_stop_write_block
                0x00002548       0x94 src/ASF/common2/components/memory/sd_mmc/sd_mmc_spi.o
 .text.sd_mmc_spi_stop_multiwrite_block
                0x000025dc       0x9c src/ASF/common2/components/memory/sd_mmc/sd_mmc_spi.o
 .text.sd_mmc_deinit
                0x00002678       0x1c src/ASF/common2/components/memory/sd_mmc/sd_mmc_spi.o
                0x00002678                sd_mmc_deinit
 .text.sd_mmc_spi_init
                0x00002694       0xc8 src/ASF/common2/components/memory/sd_mmc/sd_mmc_spi.o
                0x00002694                sd_mmc_spi_init
 .text.sd_mmc_spi_select_device
                0x0000275c       0x88 src/ASF/common2/components/memory/sd_mmc/sd_mmc_spi.o
                0x0000275c                sd_mmc_spi_select_device
 .text.sd_mmc_spi_deselect_device
                0x000027e4       0x44 src/ASF/common2/components/memory/sd_mmc/sd_mmc_spi.o
                0x000027e4                sd_mmc_spi_deselect_device
 .text.sd_mmc_spi_send_clock
                0x00002828       0x4c src/ASF/common2/components/memory/sd_mmc/sd_mmc_spi.o
                0x00002828                sd_mmc_spi_send_clock
 .text.sd_mmc_spi_send_cmd
                0x00002874       0x28 src/ASF/common2/components/memory/sd_mmc/sd_mmc_spi.o
                0x00002874                sd_mmc_spi_send_cmd
 .text.sd_mmc_spi_adtc_start
                0x0000289c      0x218 src/ASF/common2/components/memory/sd_mmc/sd_mmc_spi.o
                0x0000289c                sd_mmc_spi_adtc_start
 .text.sd_mmc_spi_get_response
                0x00002ab4       0x14 src/ASF/common2/components/memory/sd_mmc/sd_mmc_spi.o
                0x00002ab4                sd_mmc_spi_get_response
 .text.sd_mmc_spi_read_word
                0x00002ac8       0xa4 src/ASF/common2/components/memory/sd_mmc/sd_mmc_spi.o
                0x00002ac8                sd_mmc_spi_read_word
 .text.sd_mmc_spi_start_read_blocks
                0x00002b6c       0xa4 src/ASF/common2/components/memory/sd_mmc/sd_mmc_spi.o
                0x00002b6c                sd_mmc_spi_start_read_blocks
 .text.sd_mmc_spi_wait_end_of_read_blocks
                0x00002c10        0xc src/ASF/common2/components/memory/sd_mmc/sd_mmc_spi.o
                0x00002c10                sd_mmc_spi_wait_end_of_read_blocks
 .text.sd_mmc_spi_start_write_blocks
                0x00002c1c       0xc0 src/ASF/common2/components/memory/sd_mmc/sd_mmc_spi.o
                0x00002c1c                sd_mmc_spi_start_write_blocks
 .text.sd_mmc_spi_wait_end_of_write_blocks
                0x00002cdc       0x38 src/ASF/common2/components/memory/sd_mmc/sd_mmc_spi.o
                0x00002cdc                sd_mmc_spi_wait_end_of_write_blocks
 .text.mem_test_unit_ready
                0x00002d14       0x40 src/ASF/common/services/storage/ctrl_access/ctrl_access.o
                0x00002d14                mem_test_unit_ready
 .text.mem_read_capacity
                0x00002d54       0x4c src/ASF/common/services/storage/ctrl_access/ctrl_access.o
                0x00002d54                mem_read_capacity
 .text.mem_sector_size
                0x00002da0       0x2a src/ASF/common/services/storage/ctrl_access/ctrl_access.o
                0x00002da0                mem_sector_size
 *fill*         0x00002dca        0x2 
 .text.mem_wr_protect
                0x00002dcc       0x48 src/ASF/common/services/storage/ctrl_access/ctrl_access.o
                0x00002dcc                mem_wr_protect
 .text.memory_2_ram
                0x00002e14       0x54 src/ASF/common/services/storage/ctrl_access/ctrl_access.o
                0x00002e14                memory_2_ram
 .text.ram_2_memory
                0x00002e68       0x54 src/ASF/common/services/storage/ctrl_access/ctrl_access.o
                0x00002e68                ram_2_memory
 .text.cpu_irq_enter_critical
                0x00002ebc       0x54 src/ASF/common/utils/interrupt/interrupt_sam_nvic.o
                0x00002ebc                cpu_irq_enter_critical
 .text.cpu_irq_leave_critical
                0x00002f10       0x40 src/ASF/common/utils/interrupt/interrupt_sam_nvic.o
                0x00002f10                cpu_irq_leave_critical
 .text.system_pinmux_get_config_defaults
                0x00002f50       0x28 src/ASF/sam0/drivers/port/port.o
 .text.port_pin_set_config
                0x00002f78       0x60 src/ASF/sam0/drivers/port/port.o
                0x00002f78                port_pin_set_config
 .text.system_gclk_chan_get_config_defaults
                0x00002fd8       0x16 src/ASF/sam0/drivers/rtc/rtc_sam_d_r_h/rtc_calendar.o
 *fill*         0x00002fee        0x2 
 .text.system_apb_clock_set_mask
                0x00002ff0       0x5c src/ASF/sam0/drivers/rtc/rtc_sam_d_r_h/rtc_calendar.o
 .text.rtc_calendar_is_syncing
                0x0000304c       0x28 src/ASF/sam0/drivers/rtc/rtc_sam_d_r_h/rtc_calendar.o
 .text.rtc_calendar_enable
                0x00003074       0x38 src/ASF/sam0/drivers/rtc/rtc_sam_d_r_h/rtc_calendar.o
                0x00003074                rtc_calendar_enable
 .text.rtc_calendar_disable
                0x000030ac       0x44 src/ASF/sam0/drivers/rtc/rtc_sam_d_r_h/rtc_calendar.o
                0x000030ac                rtc_calendar_disable
 .text.rtc_calendar_reset
                0x000030f0       0x44 src/ASF/sam0/drivers/rtc/rtc_sam_d_r_h/rtc_calendar.o
                0x000030f0                rtc_calendar_reset
 .text.rtc_calendar_time_to_register_value
                0x00003134       0x88 src/ASF/sam0/drivers/rtc/rtc_sam_d_r_h/rtc_calendar.o
                0x00003134                rtc_calendar_time_to_register_value
 .text.rtc_calendar_register_value_to_time
                0x000031bc       0xa0 src/ASF/sam0/drivers/rtc/rtc_sam_d_r_h/rtc_calendar.o
                0x000031bc                rtc_calendar_register_value_to_time
 .text._rtc_calendar_set_config
                0x0000325c       0xc8 src/ASF/sam0/drivers/rtc/rtc_sam_d_r_h/rtc_calendar.o
 .text.rtc_calendar_init
                0x00003324       0x94 src/ASF/sam0/drivers/rtc/rtc_sam_d_r_h/rtc_calendar.o
                0x00003324                rtc_calendar_init
 .text.rtc_calendar_get_time
                0x000033b8       0x8c src/ASF/sam0/drivers/rtc/rtc_sam_d_r_h/rtc_calendar.o
                0x000033b8                rtc_calendar_get_time
 .text.rtc_calendar_set_alarm
                0x00003444       0x74 src/ASF/sam0/drivers/rtc/rtc_sam_d_r_h/rtc_calendar.o
                0x00003444                rtc_calendar_set_alarm
 .text.system_gclk_chan_get_config_defaults
                0x000034b8       0x16 src/ASF/sam0/drivers/sercom/sercom.o
 .text.long_division
                0x000034ce       0xe0 src/ASF/sam0/drivers/sercom/sercom.o
 .text._sercom_get_sync_baud_val
                0x000035ae       0x7c src/ASF/sam0/drivers/sercom/sercom.o
                0x000035ae                _sercom_get_sync_baud_val
 *fill*         0x0000362a        0x2 
 .text._sercom_get_async_baud_val
                0x0000362c      0x1c0 src/ASF/sam0/drivers/sercom/sercom.o
                0x0000362c                _sercom_get_async_baud_val
 .text.sercom_set_gclk_generator
                0x000037ec       0x8c src/ASF/sam0/drivers/sercom/sercom.o
                0x000037ec                sercom_set_gclk_generator
 .text._sercom_get_default_pad
                0x00003878      0x1bc src/ASF/sam0/drivers/sercom/sercom.o
                0x00003878                _sercom_get_default_pad
 .text._sercom_get_sercom_inst_index
                0x00003a34       0x50 src/ASF/sam0/drivers/sercom/sercom.o
                0x00003a34                _sercom_get_sercom_inst_index
 .text._sercom_default_handler
                0x00003a84       0x14 src/ASF/sam0/drivers/sercom/sercom_interrupt.o
 .text._sercom_set_handler
                0x00003a98       0x6c src/ASF/sam0/drivers/sercom/sercom_interrupt.o
                0x00003a98                _sercom_set_handler
 .text._sercom_get_interrupt_vector
                0x00003b04       0x44 src/ASF/sam0/drivers/sercom/sercom_interrupt.o
                0x00003b04                _sercom_get_interrupt_vector
 .text.SERCOM0_Handler
                0x00003b48       0x18 src/ASF/sam0/drivers/sercom/sercom_interrupt.o
                0x00003b48                SERCOM0_Handler
 .text.SERCOM1_Handler
                0x00003b60       0x18 src/ASF/sam0/drivers/sercom/sercom_interrupt.o
                0x00003b60                SERCOM1_Handler
 .text.SERCOM2_Handler
                0x00003b78       0x18 src/ASF/sam0/drivers/sercom/sercom_interrupt.o
                0x00003b78                SERCOM2_Handler
 .text.SERCOM3_Handler
                0x00003b90       0x18 src/ASF/sam0/drivers/sercom/sercom_interrupt.o
                0x00003b90                SERCOM3_Handler
 .text.SERCOM4_Handler
                0x00003ba8       0x18 src/ASF/sam0/drivers/sercom/sercom_interrupt.o
                0x00003ba8                SERCOM4_Handler
 .text.SERCOM5_Handler
                0x00003bc0       0x18 src/ASF/sam0/drivers/sercom/sercom_interrupt.o
                0x00003bc0                SERCOM5_Handler
 .text.system_pinmux_get_config_defaults
                0x00003bd8       0x28 src/ASF/sam0/drivers/sercom/spi/spi.o
 .text.system_pinmux_get_group_from_gpio_pin
                0x00003c00       0x60 src/ASF/sam0/drivers/sercom/spi/spi.o
 .text.port_get_group_from_gpio_pin
                0x00003c60       0x24 src/ASF/sam0/drivers/sercom/spi/spi.o
 .text.port_pin_set_output_level
                0x00003c84       0x54 src/ASF/sam0/drivers/sercom/spi/spi.o
 .text.system_gclk_chan_get_config_defaults
                0x00003cd8       0x16 src/ASF/sam0/drivers/sercom/spi/spi.o
 *fill*         0x00003cee        0x2 
 .text.system_apb_clock_set_mask
                0x00003cf0       0x5c src/ASF/sam0/drivers/sercom/spi/spi.o
 .text.system_is_debugger_present
                0x00003d4c       0x20 src/ASF/sam0/drivers/sercom/spi/spi.o
 .text.system_interrupt_enable
                0x00003d6c       0x2c src/ASF/sam0/drivers/sercom/spi/spi.o
 .text.system_interrupt_disable
                0x00003d98       0x30 src/ASF/sam0/drivers/sercom/spi/spi.o
 .text.spi_is_syncing
                0x00003dc8       0x20 src/ASF/sam0/drivers/sercom/spi/spi.o
 .text.spi_enable
                0x00003de8       0x50 src/ASF/sam0/drivers/sercom/spi/spi.o
 .text.spi_disable
                0x00003e38       0x5c src/ASF/sam0/drivers/sercom/spi/spi.o
 .text.spi_is_write_complete
                0x00003e94       0x28 src/ASF/sam0/drivers/sercom/spi/spi.o
 .text.spi_is_ready_to_write
                0x00003ebc       0x28 src/ASF/sam0/drivers/sercom/spi/spi.o
 .text.spi_is_ready_to_read
                0x00003ee4       0x28 src/ASF/sam0/drivers/sercom/spi/spi.o
 .text.spi_write
                0x00003f0c       0x48 src/ASF/sam0/drivers/sercom/spi/spi.o
 .text.spi_read
                0x00003f54       0x88 src/ASF/sam0/drivers/sercom/spi/spi.o
 .text.spi_reset
                0x00003fdc       0x40 src/ASF/sam0/drivers/sercom/spi/spi.o
                0x00003fdc                spi_reset
 .text.spi_set_baudrate
                0x0000401c       0xc8 src/ASF/sam0/drivers/sercom/spi/spi.o
                0x0000401c                spi_set_baudrate
 .text._spi_set_config
                0x000040e4      0x210 src/ASF/sam0/drivers/sercom/spi/spi.o
 .text.spi_init
                0x000042f4      0x190 src/ASF/sam0/drivers/sercom/spi/spi.o
                0x000042f4                spi_init
 .text.spi_read_buffer_wait
                0x00004484      0x134 src/ASF/sam0/drivers/sercom/spi/spi.o
                0x00004484                spi_read_buffer_wait
 .text.spi_select_slave
                0x000045b8       0xf0 src/ASF/sam0/drivers/sercom/spi/spi.o
                0x000045b8                spi_select_slave
 .text.spi_write_buffer_wait
                0x000046a8      0x14c src/ASF/sam0/drivers/sercom/spi/spi.o
                0x000046a8                spi_write_buffer_wait
 .text._spi_write
                0x000047f4       0x7a src/ASF/sam0/drivers/sercom/spi/spi_interrupt.o
 *fill*         0x0000486e        0x2 
 .text._spi_write_dummy
                0x00004870       0x34 src/ASF/sam0/drivers/sercom/spi/spi_interrupt.o
 .text._spi_read_dummy
                0x000048a4       0x36 src/ASF/sam0/drivers/sercom/spi/spi_interrupt.o
 .text._spi_read
                0x000048da       0x70 src/ASF/sam0/drivers/sercom/spi/spi_interrupt.o
 *fill*         0x0000494a        0x2 
 .text._spi_interrupt_handler
                0x0000494c      0x280 src/ASF/sam0/drivers/sercom/spi/spi_interrupt.o
                0x0000494c                _spi_interrupt_handler
 .text.system_gclk_chan_get_config_defaults
                0x00004bcc       0x16 src/ASF/sam0/drivers/sercom/usart/usart.o
 *fill*         0x00004be2        0x2 
 .text.system_apb_clock_set_mask
                0x00004be4       0x5c src/ASF/sam0/drivers/sercom/usart/usart.o
 .text.system_pinmux_get_config_defaults
                0x00004c40       0x28 src/ASF/sam0/drivers/sercom/usart/usart.o
 .text.system_is_debugger_present
                0x00004c68       0x20 src/ASF/sam0/drivers/sercom/usart/usart.o
 .text.usart_is_syncing
                0x00004c88       0x20 src/ASF/sam0/drivers/sercom/usart/usart.o
 .text._usart_wait_for_sync
                0x00004ca8       0x24 src/ASF/sam0/drivers/sercom/usart/usart.o
 .text._usart_set_config
                0x00004ccc      0x2dc src/ASF/sam0/drivers/sercom/usart/usart.o
 .text.usart_init
                0x00004fa8      0x274 src/ASF/sam0/drivers/sercom/usart/usart.o
                0x00004fa8                usart_init
 .text.usart_write_wait
                0x0000521c       0x64 src/ASF/sam0/drivers/sercom/usart/usart.o
                0x0000521c                usart_write_wait
 .text.usart_read_wait
                0x00005280       0xec src/ASF/sam0/drivers/sercom/usart/usart.o
                0x00005280                usart_read_wait
 .text.system_interrupt_enter_critical_section
                0x0000536c       0x14 src/ASF/sam0/drivers/sercom/usart/usart_interrupt.o
 .text.system_interrupt_leave_critical_section
                0x00005380       0x14 src/ASF/sam0/drivers/sercom/usart/usart_interrupt.o
 .text.usart_is_syncing
                0x00005394       0x20 src/ASF/sam0/drivers/sercom/usart/usart_interrupt.o
 .text._usart_wait_for_sync
                0x000053b4       0x24 src/ASF/sam0/drivers/sercom/usart/usart_interrupt.o
 .text._usart_write_buffer
                0x000053d8       0x5c src/ASF/sam0/drivers/sercom/usart/usart_interrupt.o
                0x000053d8                _usart_write_buffer
 .text._usart_read_buffer
                0x00005434       0x78 src/ASF/sam0/drivers/sercom/usart/usart_interrupt.o
                0x00005434                _usart_read_buffer
 .text.usart_register_callback
                0x000054ac       0x48 src/ASF/sam0/drivers/sercom/usart/usart_interrupt.o
                0x000054ac                usart_register_callback
 .text.usart_write_buffer_job
                0x000054f4       0x48 src/ASF/sam0/drivers/sercom/usart/usart_interrupt.o
                0x000054f4                usart_write_buffer_job
 .text.usart_read_buffer_job
                0x0000553c       0x48 src/ASF/sam0/drivers/sercom/usart/usart_interrupt.o
                0x0000553c                usart_read_buffer_job
 .text.usart_get_job_status
                0x00005584       0x50 src/ASF/sam0/drivers/sercom/usart/usart_interrupt.o
                0x00005584                usart_get_job_status
 .text._usart_interrupt_handler
                0x000055d4      0x340 src/ASF/sam0/drivers/sercom/usart/usart_interrupt.o
                0x000055d4                _usart_interrupt_handler
 .text.system_gclk_gen_get_config_defaults
                0x00005914       0x2e src/ASF/sam0/drivers/system/clock/clock_samd21_r21_da_ha1/clock.o
 .text.system_gclk_chan_get_config_defaults
                0x00005942       0x16 src/ASF/sam0/drivers/system/clock/clock_samd21_r21_da_ha1/clock.o
 .text.system_clock_source_xosc32k_get_config_defaults
                0x00005958       0x48 src/ASF/sam0/drivers/system/clock/clock_samd21_r21_da_ha1/clock.o
 .text.system_clock_source_osc8m_get_config_defaults
                0x000059a0       0x22 src/ASF/sam0/drivers/system/clock/clock_samd21_r21_da_ha1/clock.o
 .text.system_clock_source_dfll_get_config_defaults
                0x000059c2       0x52 src/ASF/sam0/drivers/system/clock/clock_samd21_r21_da_ha1/clock.o
 .text.system_cpu_clock_set_divider
                0x00005a14       0x20 src/ASF/sam0/drivers/system/clock/clock_samd21_r21_da_ha1/clock.o
 .text.system_apb_clock_set_divider
                0x00005a34       0x54 src/ASF/sam0/drivers/system/clock/clock_samd21_r21_da_ha1/clock.o
 .text.system_flash_set_waitstates
                0x00005a88       0x34 src/ASF/sam0/drivers/system/clock/clock_samd21_r21_da_ha1/clock.o
 .text._system_dfll_wait_for_sync
                0x00005abc       0x1c src/ASF/sam0/drivers/system/clock/clock_samd21_r21_da_ha1/clock.o
 .text._system_clock_source_dfll_set_config_errata_9905
                0x00005ad8       0x44 src/ASF/sam0/drivers/system/clock/clock_samd21_r21_da_ha1/clock.o
 .text.system_clock_source_get_hz
                0x00005b1c       0xc0 src/ASF/sam0/drivers/system/clock/clock_samd21_r21_da_ha1/clock.o
                0x00005b1c                system_clock_source_get_hz
 .text.system_clock_source_osc8m_set_config
                0x00005bdc       0x78 src/ASF/sam0/drivers/system/clock/clock_samd21_r21_da_ha1/clock.o
                0x00005bdc                system_clock_source_osc8m_set_config
 .text.system_clock_source_xosc32k_set_config
                0x00005c54      0x120 src/ASF/sam0/drivers/system/clock/clock_samd21_r21_da_ha1/clock.o
                0x00005c54                system_clock_source_xosc32k_set_config
 .text.system_clock_source_dfll_set_config
                0x00005d74       0xd0 src/ASF/sam0/drivers/system/clock/clock_samd21_r21_da_ha1/clock.o
                0x00005d74                system_clock_source_dfll_set_config
 .text.system_clock_source_enable
                0x00005e44       0xac src/ASF/sam0/drivers/system/clock/clock_samd21_r21_da_ha1/clock.o
                0x00005e44                system_clock_source_enable
 .text.system_clock_source_is_ready
                0x00005ef0       0x84 src/ASF/sam0/drivers/system/clock/clock_samd21_r21_da_ha1/clock.o
                0x00005ef0                system_clock_source_is_ready
 .text._switch_peripheral_gclk
                0x00005f74       0x38 src/ASF/sam0/drivers/system/clock/clock_samd21_r21_da_ha1/clock.o
 .text.system_clock_init
                0x00005fac      0x270 src/ASF/sam0/drivers/system/clock/clock_samd21_r21_da_ha1/clock.o
                0x00005fac                system_clock_init
 .text.system_apb_clock_set_mask
                0x0000621c       0x5c src/ASF/sam0/drivers/system/clock/clock_samd21_r21_da_ha1/gclk.o
 .text.system_interrupt_enter_critical_section
                0x00006278       0x14 src/ASF/sam0/drivers/system/clock/clock_samd21_r21_da_ha1/gclk.o
 .text.system_interrupt_leave_critical_section
                0x0000628c       0x14 src/ASF/sam0/drivers/system/clock/clock_samd21_r21_da_ha1/gclk.o
 .text.system_gclk_is_syncing
                0x000062a0       0x20 src/ASF/sam0/drivers/system/clock/clock_samd21_r21_da_ha1/gclk.o
 .text.system_gclk_init
                0x000062c0       0x30 src/ASF/sam0/drivers/system/clock/clock_samd21_r21_da_ha1/gclk.o
                0x000062c0                system_gclk_init
 .text.system_gclk_gen_set_config
                0x000062f0      0x124 src/ASF/sam0/drivers/system/clock/clock_samd21_r21_da_ha1/gclk.o
                0x000062f0                system_gclk_gen_set_config
 .text.system_gclk_gen_enable
                0x00006414       0x5c src/ASF/sam0/drivers/system/clock/clock_samd21_r21_da_ha1/gclk.o
                0x00006414                system_gclk_gen_enable
 .text.system_gclk_gen_get_hz
                0x00006470       0xd8 src/ASF/sam0/drivers/system/clock/clock_samd21_r21_da_ha1/gclk.o
                0x00006470                system_gclk_gen_get_hz
 .text.system_gclk_chan_set_config
                0x00006548       0x44 src/ASF/sam0/drivers/system/clock/clock_samd21_r21_da_ha1/gclk.o
                0x00006548                system_gclk_chan_set_config
 .text.system_gclk_chan_enable
                0x0000658c       0x48 src/ASF/sam0/drivers/system/clock/clock_samd21_r21_da_ha1/gclk.o
                0x0000658c                system_gclk_chan_enable
 .text.system_gclk_chan_disable
                0x000065d4       0x98 src/ASF/sam0/drivers/system/clock/clock_samd21_r21_da_ha1/gclk.o
                0x000065d4                system_gclk_chan_disable
 .text.system_gclk_chan_get_hz
                0x0000666c       0x58 src/ASF/sam0/drivers/system/clock/clock_samd21_r21_da_ha1/gclk.o
                0x0000666c                system_gclk_chan_get_hz
 .text.system_pinmux_get_group_from_gpio_pin
                0x000066c4       0x60 src/ASF/sam0/drivers/system/pinmux/pinmux.o
 .text._system_pinmux_config
                0x00006724      0x110 src/ASF/sam0/drivers/system/pinmux/pinmux.o
 .text.system_pinmux_pin_set_config
                0x00006834       0x48 src/ASF/sam0/drivers/system/pinmux/pinmux.o
                0x00006834                system_pinmux_pin_set_config
 .text._system_dummy_init
                0x0000687c        0xa src/ASF/sam0/drivers/system/system.o
                0x0000687c                _system_extint_init
                0x0000687c                _system_events_init
                0x0000687c                _system_dummy_init
                0x0000687c                _system_divas_init
 *fill*         0x00006886        0x2 
 .text.system_init
                0x00006888       0x34 src/ASF/sam0/drivers/system/system.o
                0x00006888                system_init
 .text.Reset_Handler
                0x000068bc       0xf8 src/ASF/sam0/utils/cmsis/samd21/source/gcc/startup_samd21.o
                0x000068bc                Reset_Handler
 .text.Dummy_Handler
                0x000069b4        0x6 src/ASF/sam0/utils/cmsis/samd21/source/gcc/startup_samd21.o
                0x000069b4                DMAC_Handler
                0x000069b4                HardFault_Handler
                0x000069b4                AC_Handler
                0x000069b4                PendSV_Handler
                0x000069b4                NMI_Handler
                0x000069b4                ADC_Handler
                0x000069b4                TCC1_Handler
                0x000069b4                TCC0_Handler
                0x000069b4                RTC_Handler
                0x000069b4                EIC_Handler
                0x000069b4                WDT_Handler
                0x000069b4                TC4_Handler
                0x000069b4                USB_Handler
                0x000069b4                TC3_Handler
                0x000069b4                Dummy_Handler
                0x000069b4                PM_Handler
                0x000069b4                SVC_Handler
                0x000069b4                TCC2_Handler
                0x000069b4                EVSYS_Handler
                0x000069b4                I2S_Handler
                0x000069b4                NVMCTRL_Handler
                0x000069b4                DAC_Handler
                0x000069b4                PTC_Handler
                0x000069b4                TC5_Handler
                0x000069b4                SYSCTRL_Handler
 *fill*         0x000069ba        0x2 
 .text._read    0x000069bc       0x54 src/ASF/sam0/utils/stdio/read.o
                0x000069bc                _read
 .text._write   0x00006a10       0x6c src/ASF/sam0/utils/stdio/write.o
                0x00006a10                _write
 .text._sbrk    0x00006a7c       0x3c src/ASF/sam0/utils/syscalls/gcc/syscalls.o
                0x00006a7c                _sbrk
 .text._close   0x00006ab8       0x14 src/ASF/sam0/utils/syscalls/gcc/syscalls.o
                0x00006ab8                _close
 .text._fstat   0x00006acc       0x1c src/ASF/sam0/utils/syscalls/gcc/syscalls.o
                0x00006acc                _fstat
 .text._lseek   0x00006ae8       0x16 src/ASF/sam0/utils/syscalls/gcc/syscalls.o
                0x00006ae8                _lseek
 .text.rtc_calendar_get_time_defaults
                0x00006afe       0x3c src/ASF/thirdparty/fatfs/fatfs-port-r0.09/diskio.o
 *fill*         0x00006b3a        0x2 
 .text.rtc_calendar_get_config_defaults
                0x00006b3c       0xa4 src/ASF/thirdparty/fatfs/fatfs-port-r0.09/diskio.o
 .text.configure_rtc_calendar
                0x00006be0       0x94 src/ASF/thirdparty/fatfs/fatfs-port-r0.09/diskio.o
 .text.disk_initialize
                0x00006c74       0x84 src/ASF/thirdparty/fatfs/fatfs-port-r0.09/diskio.o
                0x00006c74                disk_initialize
 .text.disk_status
                0x00006cf8       0x38 src/ASF/thirdparty/fatfs/fatfs-port-r0.09/diskio.o
                0x00006cf8                disk_status
 .text.disk_read
                0x00006d30       0xd8 src/ASF/thirdparty/fatfs/fatfs-port-r0.09/diskio.o
                0x00006d30                disk_read
 .text.disk_write
                0x00006e08       0xd8 src/ASF/thirdparty/fatfs/fatfs-port-r0.09/diskio.o
                0x00006e08                disk_write
 .text.disk_ioctl
                0x00006ee0       0xf8 src/ASF/thirdparty/fatfs/fatfs-port-r0.09/diskio.o
                0x00006ee0                disk_ioctl
 .text.get_fattime
                0x00006fd8       0x60 src/ASF/thirdparty/fatfs/fatfs-port-r0.09/sam0/fattime_rtc.o
                0x00006fd8                get_fattime
 .text.mem_cpy  0x00007038       0x38 src/ASF/thirdparty/fatfs/fatfs-r0.09/src/ff.o
 .text.mem_set  0x00007070       0x30 src/ASF/thirdparty/fatfs/fatfs-r0.09/src/ff.o
 .text.mem_cmp  0x000070a0       0x4a src/ASF/thirdparty/fatfs/fatfs-r0.09/src/ff.o
 .text.chk_chr  0x000070ea       0x32 src/ASF/thirdparty/fatfs/fatfs-r0.09/src/ff.o
 .text.move_window
                0x0000711c       0xc8 src/ASF/thirdparty/fatfs/fatfs-r0.09/src/ff.o
 .text.sync     0x000071e4      0x198 src/ASF/thirdparty/fatfs/fatfs-r0.09/src/ff.o
 .text.clust2sect
                0x0000737c       0x38 src/ASF/thirdparty/fatfs/fatfs-r0.09/src/ff.o
 .text.get_fat  0x000073b4      0x16c src/ASF/thirdparty/fatfs/fatfs-r0.09/src/ff.o
 .text.put_fat  0x00007520      0x23c src/ASF/thirdparty/fatfs/fatfs-r0.09/src/ff.o
 .text.remove_chain
                0x0000775c       0xc8 src/ASF/thirdparty/fatfs/fatfs-r0.09/src/ff.o
 .text.create_chain
                0x00007824      0x13c src/ASF/thirdparty/fatfs/fatfs-r0.09/src/ff.o
 .text.dir_sdi  0x00007960      0x130 src/ASF/thirdparty/fatfs/fatfs-r0.09/src/ff.o
 .text.dir_next
                0x00007a90      0x1f0 src/ASF/thirdparty/fatfs/fatfs-r0.09/src/ff.o
 .text.cmp_lfn  0x00007c80      0x104 src/ASF/thirdparty/fatfs/fatfs-r0.09/src/ff.o
 .text.fit_lfn  0x00007d84      0x110 src/ASF/thirdparty/fatfs/fatfs-r0.09/src/ff.o
 .text.gen_numname
                0x00007e94      0x100 src/ASF/thirdparty/fatfs/fatfs-r0.09/src/ff.o
 .text.sum_sfn  0x00007f94       0x4e src/ASF/thirdparty/fatfs/fatfs-r0.09/src/ff.o
 *fill*         0x00007fe2        0x2 
 .text.dir_find
                0x00007fe4      0x1fc src/ASF/thirdparty/fatfs/fatfs-r0.09/src/ff.o
 .text.dir_register
                0x000081e0      0x368 src/ASF/thirdparty/fatfs/fatfs-r0.09/src/ff.o
 .text.create_name
                0x00008548      0x448 src/ASF/thirdparty/fatfs/fatfs-r0.09/src/ff.o
 .text.follow_path
                0x00008990      0x138 src/ASF/thirdparty/fatfs/fatfs-r0.09/src/ff.o
 .text.check_fs
                0x00008ac8       0xd4 src/ASF/thirdparty/fatfs/fatfs-r0.09/src/ff.o
 .text.chk_mounted
                0x00008b9c      0x5fc src/ASF/thirdparty/fatfs/fatfs-r0.09/src/ff.o
 .text.validate
                0x00009198       0x54 src/ASF/thirdparty/fatfs/fatfs-r0.09/src/ff.o
 .text.f_mount  0x000091ec       0x58 src/ASF/thirdparty/fatfs/fatfs-r0.09/src/ff.o
                0x000091ec                f_mount
 .text.f_open   0x00009244      0x530 src/ASF/thirdparty/fatfs/fatfs-r0.09/src/ff.o
                0x00009244                f_open
 .text.f_write  0x00009774      0x350 src/ASF/thirdparty/fatfs/fatfs-r0.09/src/ff.o
                0x00009774                f_write
 .text.f_sync   0x00009ac4      0x180 src/ASF/thirdparty/fatfs/fatfs-r0.09/src/ff.o
                0x00009ac4                f_sync
 .text.f_close  0x00009c44       0x3c src/ASF/thirdparty/fatfs/fatfs-r0.09/src/ff.o
                0x00009c44                f_close
 .text.f_putc   0x00009c80       0x48 src/ASF/thirdparty/fatfs/fatfs-r0.09/src/ff.o
                0x00009c80                f_putc
 .text.f_puts   0x00009cc8       0x4c src/ASF/thirdparty/fatfs/fatfs-r0.09/src/ff.o
                0x00009cc8                f_puts
 .text.ff_convert
                0x00009d14       0xac src/ASF/thirdparty/fatfs/fatfs-r0.09/src/option/ccsbcs.o
                0x00009d14                ff_convert
 .text.ff_wtoupper
                0x00009dc0       0x60 src/ASF/thirdparty/fatfs/fatfs-r0.09/src/option/ccsbcs.o
                0x00009dc0                ff_wtoupper
 .text.NVIC_SystemReset
                0x00009e20       0x1c src/BootMain.o
 .text.system_apb_clock_set_mask
                0x00009e3c       0x5c src/BootMain.o
 .text.nvm_get_config_defaults
                0x00009e98       0x3c src/BootMain.o
 .text.system_reset
                0x00009ed4       0x14 src/BootMain.o
 .text.system_interrupt_enable_global
                0x00009ee8       0x1c src/BootMain.o
 .text.dsu_crc32_init
                0x00009f04       0x18 src/BootMain.o
 .text.main     0x00009f1c       0xe4 src/BootMain.o
                0x00009f1c                main
 .text.StartFilesystemAndTest
                0x0000a000      0x2a8 src/BootMain.o
 .text.jumpToApplication
                0x0000a2a8       0x38 src/BootMain.o
 .text.configure_nvm
                0x0000a2e0       0x2c src/BootMain.o
 .text          0x0000a30c      0x114 c:/program files (x86)/atmel/studio/7.0/toolchain/arm/arm-gnu-toolchain/bin/../lib/gcc/arm-none-eabi/6.3.1/thumb/v6-m\libgcc.a(_udivsi3.o)
                0x0000a30c                __aeabi_uidiv
                0x0000a30c                __udivsi3
                0x0000a418                __aeabi_uidivmod
 .text          0x0000a420      0x1d4 c:/program files (x86)/atmel/studio/7.0/toolchain/arm/arm-gnu-toolchain/bin/../lib/gcc/arm-none-eabi/6.3.1/thumb/v6-m\libgcc.a(_divsi3.o)
                0x0000a420                __divsi3
                0x0000a420                __aeabi_idiv
                0x0000a5ec                __aeabi_idivmod
 .text          0x0000a5f4        0x4 c:/program files (x86)/atmel/studio/7.0/toolchain/arm/arm-gnu-toolchain/bin/../lib/gcc/arm-none-eabi/6.3.1/thumb/v6-m\libgcc.a(_dvmd_tls.o)
                0x0000a5f4                __aeabi_idiv0
                0x0000a5f4                __aeabi_ldiv0
 .text          0x0000a5f8       0x54 c:/program files (x86)/atmel/studio/7.0/toolchain/arm/arm-gnu-toolchain/bin/../lib/gcc/arm-none-eabi/6.3.1/thumb/v6-m\libgcc.a(_muldi3.o)
                0x0000a5f8                __muldi3
                0x0000a5f8                __aeabi_lmul
 .text.__libc_init_array
                0x0000a64c       0x48 c:/program files (x86)/atmel/studio/7.0/toolchain/arm/arm-gnu-toolchain/bin/../lib/gcc/arm-none-eabi/6.3.1/../../../../arm-none-eabi/lib/thumb/v6-m\libc_nano.a(lib_a-init.o)
                0x0000a64c                __libc_init_array
 .text.malloc   0x0000a694       0x14 c:/program files (x86)/atmel/studio/7.0/toolchain/arm/arm-gnu-toolchain/bin/../lib/gcc/arm-none-eabi/6.3.1/../../../../arm-none-eabi/lib/thumb/v6-m\libc_nano.a(lib_a-malloc.o)
                0x0000a694                malloc
 .text.memcpy   0x0000a6a8       0x12 c:/program files (x86)/atmel/studio/7.0/toolchain/arm/arm-gnu-toolchain/bin/../lib/gcc/arm-none-eabi/6.3.1/../../../../arm-none-eabi/lib/thumb/v6-m\libc_nano.a(lib_a-memcpy-stub.o)
                0x0000a6a8                memcpy
 .text.memset   0x0000a6ba       0x10 c:/program files (x86)/atmel/studio/7.0/toolchain/arm/arm-gnu-toolchain/bin/../lib/gcc/arm-none-eabi/6.3.1/../../../../arm-none-eabi/lib/thumb/v6-m\libc_nano.a(lib_a-memset.o)
                0x0000a6ba                memset
 *fill*         0x0000a6ca        0x2 
 .text._free_r  0x0000a6cc       0x94 c:/program files (x86)/atmel/studio/7.0/toolchain/arm/arm-gnu-toolchain/bin/../lib/gcc/arm-none-eabi/6.3.1/../../../../arm-none-eabi/lib/thumb/v6-m\libc_nano.a(lib_a-nano-freer.o)
                0x0000a6cc                _free_r
 .text._malloc_r
                0x0000a760       0xbc c:/program files (x86)/atmel/studio/7.0/toolchain/arm/arm-gnu-toolchain/bin/../lib/gcc/arm-none-eabi/6.3.1/../../../../arm-none-eabi/lib/thumb/v6-m\libc_nano.a(lib_a-nano-mallocr.o)
                0x0000a760                _malloc_r
 .text._sbrk_r  0x0000a81c       0x24 c:/program files (x86)/atmel/studio/7.0/toolchain/arm/arm-gnu-toolchain/bin/../lib/gcc/arm-none-eabi/6.3.1/../../../../arm-none-eabi/lib/thumb/v6-m\libc_nano.a(lib_a-sbrkr.o)
                0x0000a81c                _sbrk_r
 .text.setbuf   0x0000a840       0x12 c:/program files (x86)/atmel/studio/7.0/toolchain/arm/arm-gnu-toolchain/bin/../lib/gcc/arm-none-eabi/6.3.1/../../../../arm-none-eabi/lib/thumb/v6-m\libc_nano.a(lib_a-setbuf.o)
                0x0000a840                setbuf
 *fill*         0x0000a852        0x2 
 .text.setvbuf  0x0000a854      0x158 c:/program files (x86)/atmel/studio/7.0/toolchain/arm/arm-gnu-toolchain/bin/../lib/gcc/arm-none-eabi/6.3.1/../../../../arm-none-eabi/lib/thumb/v6-m\libc_nano.a(lib_a-setvbuf.o)
                0x0000a854                setvbuf
 .text          0x0000a9ac        0xe c:/program files (x86)/atmel/studio/7.0/toolchain/arm/arm-gnu-toolchain/bin/../lib/gcc/arm-none-eabi/6.3.1/../../../../arm-none-eabi/lib/thumb/v6-m\libc_nano.a(lib_a-strlen.o)
                0x0000a9ac                strlen
 *fill*         0x0000a9ba        0x2 
 .text.__sflush_r
                0x0000a9bc      0x114 c:/program files (x86)/atmel/studio/7.0/toolchain/arm/arm-gnu-toolchain/bin/../lib/gcc/arm-none-eabi/6.3.1/../../../../arm-none-eabi/lib/thumb/v6-m\libc_nano.a(lib_a-fflush.o)
                0x0000a9bc                __sflush_r
 .text._fflush_r
                0x0000aad0       0x58 c:/program files (x86)/atmel/studio/7.0/toolchain/arm/arm-gnu-toolchain/bin/../lib/gcc/arm-none-eabi/6.3.1/../../../../arm-none-eabi/lib/thumb/v6-m\libc_nano.a(lib_a-fflush.o)
                0x0000aad0                _fflush_r
 .text._cleanup_r
                0x0000ab28       0x10 c:/program files (x86)/atmel/studio/7.0/toolchain/arm/arm-gnu-toolchain/bin/../lib/gcc/arm-none-eabi/6.3.1/../../../../arm-none-eabi/lib/thumb/v6-m\libc_nano.a(lib_a-findfp.o)
                0x0000ab28                _cleanup_r
 .text.std.isra.0
                0x0000ab38       0x48 c:/program files (x86)/atmel/studio/7.0/toolchain/arm/arm-gnu-toolchain/bin/../lib/gcc/arm-none-eabi/6.3.1/../../../../arm-none-eabi/lib/thumb/v6-m\libc_nano.a(lib_a-findfp.o)
 .text.__sfmoreglue
                0x0000ab80       0x2c c:/program files (x86)/atmel/studio/7.0/toolchain/arm/arm-gnu-toolchain/bin/../lib/gcc/arm-none-eabi/6.3.1/../../../../arm-none-eabi/lib/thumb/v6-m\libc_nano.a(lib_a-findfp.o)
                0x0000ab80                __sfmoreglue
 .text.__sinit  0x0000abac       0x68 c:/program files (x86)/atmel/studio/7.0/toolchain/arm/arm-gnu-toolchain/bin/../lib/gcc/arm-none-eabi/6.3.1/../../../../arm-none-eabi/lib/thumb/v6-m\libc_nano.a(lib_a-findfp.o)
                0x0000abac                __sinit
 .text.__sfp    0x0000ac14       0x80 c:/program files (x86)/atmel/studio/7.0/toolchain/arm/arm-gnu-toolchain/bin/../lib/gcc/arm-none-eabi/6.3.1/../../../../arm-none-eabi/lib/thumb/v6-m\libc_nano.a(lib_a-findfp.o)
                0x0000ac14                __sfp
 .text._fwalk_reent
                0x0000ac94       0x42 c:/program files (x86)/atmel/studio/7.0/toolchain/arm/arm-gnu-toolchain/bin/../lib/gcc/arm-none-eabi/6.3.1/../../../../arm-none-eabi/lib/thumb/v6-m\libc_nano.a(lib_a-fwalk.o)
                0x0000ac94                _fwalk_reent
 *fill*         0x0000acd6        0x2 
 .text.__swhatbuf_r
                0x0000acd8       0x50 c:/program files (x86)/atmel/studio/7.0/toolchain/arm/arm-gnu-toolchain/bin/../lib/gcc/arm-none-eabi/6.3.1/../../../../arm-none-eabi/lib/thumb/v6-m\libc_nano.a(lib_a-makebuf.o)
                0x0000acd8                __swhatbuf_r
 .text.__malloc_lock
                0x0000ad28        0x2 c:/program files (x86)/atmel/studio/7.0/toolchain/arm/arm-gnu-toolchain/bin/../lib/gcc/arm-none-eabi/6.3.1/../../../../arm-none-eabi/lib/thumb/v6-m\libc_nano.a(lib_a-mlock.o)
                0x0000ad28                __malloc_lock
 .text.__malloc_unlock
                0x0000ad2a        0x2 c:/program files (x86)/atmel/studio/7.0/toolchain/arm/arm-gnu-toolchain/bin/../lib/gcc/arm-none-eabi/6.3.1/../../../../arm-none-eabi/lib/thumb/v6-m\libc_nano.a(lib_a-mlock.o)
                0x0000ad2a                __malloc_unlock
 .text.__sread  0x0000ad2c       0x28 c:/program files (x86)/atmel/studio/7.0/toolchain/arm/arm-gnu-toolchain/bin/../lib/gcc/arm-none-eabi/6.3.1/../../../../arm-none-eabi/lib/thumb/v6-m\libc_nano.a(lib_a-stdio.o)
                0x0000ad2c                __sread
 .text.__swrite
                0x0000ad54       0x38 c:/program files (x86)/atmel/studio/7.0/toolchain/arm/arm-gnu-toolchain/bin/../lib/gcc/arm-none-eabi/6.3.1/../../../../arm-none-eabi/lib/thumb/v6-m\libc_nano.a(lib_a-stdio.o)
                0x0000ad54                __swrite
 .text.__sseek  0x0000ad8c       0x2c c:/program files (x86)/atmel/studio/7.0/toolchain/arm/arm-gnu-toolchain/bin/../lib/gcc/arm-none-eabi/6.3.1/../../../../arm-none-eabi/lib/thumb/v6-m\libc_nano.a(lib_a-stdio.o)
                0x0000ad8c                __sseek
 .text.__sclose
                0x0000adb8        0xc c:/program files (x86)/atmel/studio/7.0/toolchain/arm/arm-gnu-toolchain/bin/../lib/gcc/arm-none-eabi/6.3.1/../../../../arm-none-eabi/lib/thumb/v6-m\libc_nano.a(lib_a-stdio.o)
                0x0000adb8                __sclose
 .text._write_r
                0x0000adc4       0x28 c:/program files (x86)/atmel/studio/7.0/toolchain/arm/arm-gnu-toolchain/bin/../lib/gcc/arm-none-eabi/6.3.1/../../../../arm-none-eabi/lib/thumb/v6-m\libc_nano.a(lib_a-writer.o)
                0x0000adc4                _write_r
 .text._close_r
                0x0000adec       0x24 c:/program files (x86)/atmel/studio/7.0/toolchain/arm/arm-gnu-toolchain/bin/../lib/gcc/arm-none-eabi/6.3.1/../../../../arm-none-eabi/lib/thumb/v6-m\libc_nano.a(lib_a-closer.o)
                0x0000adec                _close_r
 .text._fstat_r
                0x0000ae10       0x24 c:/program files (x86)/atmel/studio/7.0/toolchain/arm/arm-gnu-toolchain/bin/../lib/gcc/arm-none-eabi/6.3.1/../../../../arm-none-eabi/lib/thumb/v6-m\libc_nano.a(lib_a-fstatr.o)
                0x0000ae10                _fstat_r
 .text._lseek_r
                0x0000ae34       0x28 c:/program files (x86)/atmel/studio/7.0/toolchain/arm/arm-gnu-toolchain/bin/../lib/gcc/arm-none-eabi/6.3.1/../../../../arm-none-eabi/lib/thumb/v6-m\libc_nano.a(lib_a-lseekr.o)
                0x0000ae34                _lseek_r
 .text._read_r  0x0000ae5c       0x28 c:/program files (x86)/atmel/studio/7.0/toolchain/arm/arm-gnu-toolchain/bin/../lib/gcc/arm-none-eabi/6.3.1/../../../../arm-none-eabi/lib/thumb/v6-m\libc_nano.a(lib_a-readr.o)
                0x0000ae5c                _read_r
 *(.glue_7t)
 .glue_7t       0x0000ae84        0x0 linker stubs
 *(.glue_7)
 .glue_7        0x0000ae84        0x0 linker stubs
 *(.rodata .rodata* .gnu.linkonce.r.*)
 .rodata.sd_mmc_trans_units
                0x0000ae84       0x1c src/ASF/common2/components/memory/sd_mmc/sd_mmc.o
                0x0000ae84                sd_mmc_trans_units
 .rodata.sd_trans_multipliers
                0x0000aea0       0x40 src/ASF/common2/components/memory/sd_mmc/sd_mmc.o
                0x0000aea0                sd_trans_multipliers
 .rodata.mmc_trans_multipliers
                0x0000aee0       0x40 src/ASF/common2/components/memory/sd_mmc/sd_mmc.o
                0x0000aee0                mmc_trans_multipliers
 .rodata        0x0000af20       0x15 src/ASF/common/services/storage/ctrl_access/ctrl_access.o
 *fill*         0x0000af35        0x3 
 .rodata.lun_desc
                0x0000af38       0x20 src/ASF/common/services/storage/ctrl_access/ctrl_access.o
 .rodata        0x0000af58       0x18 src/ASF/sam0/drivers/sercom/sercom.o
 .rodata        0x0000af70        0x6 src/ASF/sam0/drivers/sercom/sercom_interrupt.o
 *fill*         0x0000af76        0x2 
 .rodata.system_clock_source_get_hz
                0x0000af78       0x24 src/ASF/sam0/drivers/system/clock/clock_samd21_r21_da_ha1/clock.o
 .rodata.system_clock_source_enable
                0x0000af9c       0x24 src/ASF/sam0/drivers/system/clock/clock_samd21_r21_da_ha1/clock.o
 .rodata.system_clock_source_is_ready
                0x0000afc0       0x24 src/ASF/sam0/drivers/system/clock/clock_samd21_r21_da_ha1/clock.o
 .rodata.LfnOfs
                0x0000afe4        0xd src/ASF/thirdparty/fatfs/fatfs-r0.09/src/ff.o
 *fill*         0x0000aff1        0x3 
 .rodata        0x0000aff4       0x48 src/ASF/thirdparty/fatfs/fatfs-r0.09/src/ff.o
 .rodata.excvt.4558
                0x0000b03c       0x80 src/ASF/thirdparty/fatfs/fatfs-r0.09/src/ff.o
 .rodata.Tbl    0x0000b0bc      0x100 src/ASF/thirdparty/fatfs/fatfs-r0.09/src/option/ccsbcs.o
 .rodata.tbl_lower.4308
                0x0000b1bc      0x1e0 src/ASF/thirdparty/fatfs/fatfs-r0.09/src/option/ccsbcs.o
 .rodata.tbl_upper.4309
                0x0000b39c      0x1e0 src/ASF/thirdparty/fatfs/fatfs-r0.09/src/option/ccsbcs.o
 .rodata        0x0000b57c      0x230 src/BootMain.o
 .rodata._global_impure_ptr
                0x0000b7ac        0x4 c:/program files (x86)/atmel/studio/7.0/toolchain/arm/arm-gnu-toolchain/bin/../lib/gcc/arm-none-eabi/6.3.1/../../../../arm-none-eabi/lib/thumb/v6-m\libc_nano.a(lib_a-impure.o)
                0x0000b7ac                _global_impure_ptr
 .rodata.__sf_fake_stderr
                0x0000b7b0       0x20 c:/program files (x86)/atmel/studio/7.0/toolchain/arm/arm-gnu-toolchain/bin/../lib/gcc/arm-none-eabi/6.3.1/../../../../arm-none-eabi/lib/thumb/v6-m\libc_nano.a(lib_a-findfp.o)
                0x0000b7b0                __sf_fake_stderr
 .rodata.__sf_fake_stdin
                0x0000b7d0       0x20 c:/program files (x86)/atmel/studio/7.0/toolchain/arm/arm-gnu-toolchain/bin/../lib/gcc/arm-none-eabi/6.3.1/../../../../arm-none-eabi/lib/thumb/v6-m\libc_nano.a(lib_a-findfp.o)
                0x0000b7d0                __sf_fake_stdin
 .rodata.__sf_fake_stdout
                0x0000b7f0       0x20 c:/program files (x86)/atmel/studio/7.0/toolchain/arm/arm-gnu-toolchain/bin/../lib/gcc/arm-none-eabi/6.3.1/../../../../arm-none-eabi/lib/thumb/v6-m\libc_nano.a(lib_a-findfp.o)
                0x0000b7f0                __sf_fake_stdout
 *(.ARM.extab* .gnu.linkonce.armextab.*)
                0x0000b810                . = ALIGN (0x4)
 *(.init)
 .init          0x0000b810        0x4 c:/program files (x86)/atmel/studio/7.0/toolchain/arm/arm-gnu-toolchain/bin/../lib/gcc/arm-none-eabi/6.3.1/thumb/v6-m/crti.o
                0x0000b810                _init
 .init          0x0000b814        0x8 c:/program files (x86)/atmel/studio/7.0/toolchain/arm/arm-gnu-toolchain/bin/../lib/gcc/arm-none-eabi/6.3.1/thumb/v6-m/crtn.o
                0x0000b81c                . = ALIGN (0x4)
                0x0000b81c                __preinit_array_start = .
 *(.preinit_array)
                0x0000b81c                __preinit_array_end = .
                0x0000b81c                . = ALIGN (0x4)
                0x0000b81c                __init_array_start = .
 *(SORT(.init_array.*))
 *(.init_array)
 .init_array    0x0000b81c        0x4 c:/program files (x86)/atmel/studio/7.0/toolchain/arm/arm-gnu-toolchain/bin/../lib/gcc/arm-none-eabi/6.3.1/thumb/v6-m/crtbegin.o
                0x0000b820                __init_array_end = .
                0x0000b820                . = ALIGN (0x4)
 *crtbegin.o(.ctors)
 *(EXCLUDE_FILE(*crtend.o) .ctors)
 *(SORT(.ctors.*))
 *crtend.o(.ctors)
                0x0000b820                . = ALIGN (0x4)
 *(.fini)
 .fini          0x0000b820        0x4 c:/program files (x86)/atmel/studio/7.0/toolchain/arm/arm-gnu-toolchain/bin/../lib/gcc/arm-none-eabi/6.3.1/thumb/v6-m/crti.o
                0x0000b820                _fini
 .fini          0x0000b824        0x8 c:/program files (x86)/atmel/studio/7.0/toolchain/arm/arm-gnu-toolchain/bin/../lib/gcc/arm-none-eabi/6.3.1/thumb/v6-m/crtn.o
                0x0000b82c                . = ALIGN (0x4)
                0x0000b82c                __fini_array_start = .
 *(.fini_array)
 .fini_array    0x0000b82c        0x4 c:/program files (x86)/atmel/studio/7.0/toolchain/arm/arm-gnu-toolchain/bin/../lib/gcc/arm-none-eabi/6.3.1/thumb/v6-m/crtbegin.o
 *(SORT(.fini_array.*))
                0x0000b830                __fini_array_end = .
 *crtbegin.o(.dtors)
 *(EXCLUDE_FILE(*crtend.o) .dtors)
 *(SORT(.dtors.*))
 *crtend.o(.dtors)
                0x0000b830                . = ALIGN (0x4)
                0x0000b830                _efixed = .
                [!provide]                PROVIDE (__exidx_start, .)

.vfp11_veneer   0x0000b830        0x0
 .vfp11_veneer  0x0000b830        0x0 linker stubs

.v4_bx          0x0000b830        0x0
 .v4_bx         0x0000b830        0x0 linker stubs

.iplt           0x0000b830        0x0
 .iplt          0x0000b830        0x0 c:/program files (x86)/atmel/studio/7.0/toolchain/arm/arm-gnu-toolchain/bin/../lib/gcc/arm-none-eabi/6.3.1/thumb/v6-m/crtbegin.o

.eh_frame       0x0000b830        0x0
 .eh_frame      0x0000b830        0x0 c:/program files (x86)/atmel/studio/7.0/toolchain/arm/arm-gnu-toolchain/bin/../lib/gcc/arm-none-eabi/6.3.1/thumb/v6-m/crtbegin.o

.rel.dyn        0x0000b830        0x0
 .rel.iplt      0x0000b830        0x0 c:/program files (x86)/atmel/studio/7.0/toolchain/arm/arm-gnu-toolchain/bin/../lib/gcc/arm-none-eabi/6.3.1/thumb/v6-m/crtbegin.o

.jcr            0x0000b830        0x0
 .jcr           0x0000b830        0x0 c:/program files (x86)/atmel/studio/7.0/toolchain/arm/arm-gnu-toolchain/bin/../lib/gcc/arm-none-eabi/6.3.1/thumb/v6-m/crtbegin.o

.igot.plt       0x0000b830        0x0
 .igot.plt      0x0000b830        0x0 c:/program files (x86)/atmel/studio/7.0/toolchain/arm/arm-gnu-toolchain/bin/../lib/gcc/arm-none-eabi/6.3.1/thumb/v6-m/crtbegin.o

.ARM.exidx
 *(.ARM.exidx* .gnu.linkonce.armexidx.*)
                [!provide]                PROVIDE (__exidx_end, .)
                0x0000b830                . = ALIGN (0x4)
                0x0000b830                _etext = .

.relocate       0x20000000       0x94 load address 0x0000b830
                0x20000000                . = ALIGN (0x4)
                0x20000000                _srelocate = .
 *(.ramfunc .ramfunc.*)
 *(.data .data.*)
 .data.cycles_per_ms
                0x20000000        0x4 src/ASF/common2/services/delay/sam0/systick_counter.o
 .data.cycles_per_us
                0x20000004        0x4 src/ASF/common2/services/delay/sam0/systick_counter.o
 .data.ss_pins  0x20000008        0x1 src/ASF/common2/components/memory/sd_mmc/sd_mmc_spi.o
                0x20000008                ss_pins
 .data.g_interrupt_enabled
                0x20000009        0x1 src/ASF/common/utils/interrupt/interrupt_sam_nvic.o
                0x20000009                g_interrupt_enabled
 *fill*         0x2000000a        0x2 
 .data.test_file_name
                0x2000000c       0x12 src/BootMain.o
                0x2000000c                test_file_name
 *fill*         0x2000001e        0x2 
 .data.test_bin_file
                0x20000020       0x10 src/BootMain.o
                0x20000020                test_bin_file
 .data._impure_ptr
                0x20000030        0x4 c:/program files (x86)/atmel/studio/7.0/toolchain/arm/arm-gnu-toolchain/bin/../lib/gcc/arm-none-eabi/6.3.1/../../../../arm-none-eabi/lib/thumb/v6-m\libc_nano.a(lib_a-impure.o)
                0x20000030                _impure_ptr
 .data.impure_data
                0x20000034       0x60 c:/program files (x86)/atmel/studio/7.0/toolchain/arm/arm-gnu-toolchain/bin/../lib/gcc/arm-none-eabi/6.3.1/../../../../arm-none-eabi/lib/thumb/v6-m\libc_nano.a(lib_a-impure.o)
                0x20000094                . = ALIGN (0x4)
                0x20000094                _erelocate = .

.bss            0x20000094      0xc00 load address 0x0000b8c4
                0x20000094                . = ALIGN (0x4)
                0x20000094                _sbss = .
                0x20000094                _szero = .
 *(.bss .bss.*)
 .bss           0x20000094       0x1c c:/program files (x86)/atmel/studio/7.0/toolchain/arm/arm-gnu-toolchain/bin/../lib/gcc/arm-none-eabi/6.3.1/thumb/v6-m/crtbegin.o
 .bss.ul_tickcount
                0x200000b0        0x4 src/Systick/Systick.o
 .bss._nvm_dev  0x200000b4        0x6 src/ASF/sam0/drivers/nvm/nvm.o
 *fill*         0x200000ba        0x2 
 .bss.sd_mmc_cards
                0x200000bc       0x20 src/ASF/common2/components/memory/sd_mmc/sd_mmc.o
 .bss.sd_mmc_slot_sel
                0x200000dc        0x1 src/ASF/common2/components/memory/sd_mmc/sd_mmc.o
 *fill*         0x200000dd        0x3 
 .bss.sd_mmc_card
                0x200000e0        0x4 src/ASF/common2/components/memory/sd_mmc/sd_mmc.o
 .bss.sd_mmc_nb_block_to_tranfer
                0x200000e4        0x2 src/ASF/common2/components/memory/sd_mmc/sd_mmc.o
 .bss.sd_mmc_nb_block_remaining
                0x200000e6        0x2 src/ASF/common2/components/memory/sd_mmc/sd_mmc.o
 .bss.sd_mmc_ejected
                0x200000e8        0x2 src/ASF/common2/components/memory/sd_mmc/sd_mmc_mem.o
 *fill*         0x200000ea        0x2 
 .bss.sd_mmc_master
                0x200000ec       0x3c src/ASF/common2/components/memory/sd_mmc/sd_mmc_spi.o
 .bss.sd_mmc_spi_devices
                0x20000128        0x3 src/ASF/common2/components/memory/sd_mmc/sd_mmc_spi.o
 *fill*         0x2000012b        0x1 
 .bss.slave_configs
                0x2000012c        0x3 src/ASF/common2/components/memory/sd_mmc/sd_mmc_spi.o
 .bss.sd_mmc_spi_err
                0x2000012f        0x1 src/ASF/common2/components/memory/sd_mmc/sd_mmc_spi.o
 .bss.sd_mmc_spi_response_32
                0x20000130        0x4 src/ASF/common2/components/memory/sd_mmc/sd_mmc_spi.o
 .bss.sd_mmc_spi_transfert_pos
                0x20000134        0x4 src/ASF/common2/components/memory/sd_mmc/sd_mmc_spi.o
 .bss.sd_mmc_spi_block_size
                0x20000138        0x2 src/ASF/common2/components/memory/sd_mmc/sd_mmc_spi.o
 .bss.sd_mmc_spi_nb_block
                0x2000013a        0x2 src/ASF/common2/components/memory/sd_mmc/sd_mmc_spi.o
 .bss.cpu_irq_critical_section_counter
                0x2000013c        0x4 src/ASF/common/utils/interrupt/interrupt_sam_nvic.o
 .bss.cpu_irq_prev_interrupt_state
                0x20000140        0x1 src/ASF/common/utils/interrupt/interrupt_sam_nvic.o
 *fill*         0x20000141        0x3 
 .bss._sercom_config
                0x20000144        0x2 src/ASF/sam0/drivers/sercom/sercom.o
 .bss._handler_table_initialized
                0x20000146        0x1 src/ASF/sam0/drivers/sercom/sercom_interrupt.o
 *fill*         0x20000147        0x1 
 .bss._sercom_interrupt_handlers
                0x20000148       0x18 src/ASF/sam0/drivers/sercom/sercom_interrupt.o
 .bss._system_clock_inst
                0x20000160       0x18 src/ASF/sam0/drivers/system/clock/clock_samd21_r21_da_ha1/clock.o
 .bss.heap.5296
                0x20000178        0x4 src/ASF/sam0/utils/syscalls/gcc/syscalls.o
 .bss.FatFs     0x2000017c        0x4 src/ASF/thirdparty/fatfs/fatfs-r0.09/src/ff.o
 .bss.Fsid      0x20000180        0x2 src/ASF/thirdparty/fatfs/fatfs-r0.09/src/ff.o
 *fill*         0x20000182        0x2 
 .bss.__malloc_free_list
                0x20000184        0x4 c:/program files (x86)/atmel/studio/7.0/toolchain/arm/arm-gnu-toolchain/bin/../lib/gcc/arm-none-eabi/6.3.1/../../../../arm-none-eabi/lib/thumb/v6-m\libc_nano.a(lib_a-nano-mallocr.o)
                0x20000184                __malloc_free_list
 .bss.__malloc_sbrk_start
                0x20000188        0x4 c:/program files (x86)/atmel/studio/7.0/toolchain/arm/arm-gnu-toolchain/bin/../lib/gcc/arm-none-eabi/6.3.1/../../../../arm-none-eabi/lib/thumb/v6-m\libc_nano.a(lib_a-nano-mallocr.o)
                0x20000188                __malloc_sbrk_start
 *(COMMON)
 COMMON         0x2000018c      0x844 src/SerialConsole/SerialConsole.o
                0x2000018c                usart_instance
                0x200001c0                cbufRx
                0x200001c4                latestRx
                0x200001c8                txCharacterBuffer
                0x200005c8                rxCharacterBuffer
                0x200009c8                latestTx
                0x200009cc                cbufTx
 COMMON         0x200009d0        0x4 src/ASF/sam0/drivers/rtc/rtc_sam_d_r_h/rtc_calendar.o
                0x200009d0                _rtc_instance
 COMMON         0x200009d4       0x18 src/ASF/sam0/drivers/sercom/sercom_interrupt.o
                0x200009d4                _sercom_instances
 COMMON         0x200009ec        0x2 src/ASF/sam0/drivers/sercom/spi/spi_interrupt.o
                0x200009ec                dummy_write
 *fill*         0x200009ee        0x2 
 COMMON         0x200009f0        0x4 src/ASF/sam0/utils/stdio/read.o
                0x200009f0                ptr_get
 COMMON         0x200009f4        0x8 src/ASF/sam0/utils/stdio/write.o
                0x200009f4                ptr_put
                0x200009f8                stdio_base
 COMMON         0x200009fc        0x8 src/ASF/thirdparty/fatfs/fatfs-port-r0.09/diskio.o
                0x200009fc                rtc_instance
 COMMON         0x20000a04      0x28a src/BootMain.o
                0x20000a04                fs
                0x20000c34                file_object
                0x20000c58                cdc_uart_module
                0x20000c8c                res
                0x20000c8d                status
 *fill*         0x20000c8e        0x2 
 COMMON         0x20000c90        0x4 c:/program files (x86)/atmel/studio/7.0/toolchain/arm/arm-gnu-toolchain/bin/../lib/gcc/arm-none-eabi/6.3.1/../../../../arm-none-eabi/lib/thumb/v6-m\libc_nano.a(lib_a-reent.o)
                0x20000c90                errno
                0x20000c94                . = ALIGN (0x4)
                0x20000c94                _ebss = .
                0x20000c94                _ezero = .

.stack          0x20000c94     0x2004 load address 0x0000c4c4
                0x20000c98                . = ALIGN (0x8)
 *fill*         0x20000c94        0x4 
                0x20000c98                _sstack = .
                0x20002c98                . = (. + STACK_SIZE)
 *fill*         0x20000c98     0x2000 
                0x20002c98                . = ALIGN (0x8)
                0x20002c98                _estack = .
                0x20002c98                . = ALIGN (0x4)
                0x20002c98                _end = .
OUTPUT(ESE516 BOOTLOADER.elf elf32-littlearm)

.ARM.attributes
                0x00000000       0x28
 .ARM.attributes
                0x00000000       0x1e c:/program files (x86)/atmel/studio/7.0/toolchain/arm/arm-gnu-toolchain/bin/../lib/gcc/arm-none-eabi/6.3.1/thumb/v6-m/crti.o
 .ARM.attributes
                0x0000001e       0x2c c:/program files (x86)/atmel/studio/7.0/toolchain/arm/arm-gnu-toolchain/bin/../lib/gcc/arm-none-eabi/6.3.1/thumb/v6-m/crtbegin.o
 .ARM.attributes
                0x0000004a       0x32 src/ASF/common2/services/delay/sam0/systick_counter.o
 .ARM.attributes
                0x0000007c       0x32 src/Systick/Systick.o
 .ARM.attributes
                0x000000ae       0x32 src/ASF/sam0/boards/board_init.o
 .ARM.attributes
                0x000000e0       0x32 src/ASF/sam0/drivers/nvm/nvm.o
 .ARM.attributes
                0x00000112       0x32 src/SD Card/SdCard.o
 .ARM.attributes
                0x00000144       0x32 src/SerialConsole/circular_buffer.o
 .ARM.attributes
                0x00000176       0x32 src/SerialConsole/SerialConsole.o
 .ARM.attributes
                0x000001a8       0x32 src/ASF/common2/components/memory/sd_mmc/sd_mmc.o
 .ARM.attributes
                0x000001da       0x32 src/ASF/common2/components/memory/sd_mmc/sd_mmc_mem.o
 .ARM.attributes
                0x0000020c       0x32 src/ASF/common2/components/memory/sd_mmc/sd_mmc_spi.o
 .ARM.attributes
                0x0000023e       0x32 src/ASF/common/services/storage/ctrl_access/ctrl_access.o
 .ARM.attributes
                0x00000270       0x32 src/ASF/common/utils/interrupt/interrupt_sam_nvic.o
 .ARM.attributes
                0x000002a2       0x32 src/ASF/sam0/drivers/port/port.o
 .ARM.attributes
                0x000002d4       0x32 src/ASF/sam0/drivers/rtc/rtc_sam_d_r_h/rtc_calendar.o
 .ARM.attributes
                0x00000306       0x32 src/ASF/sam0/drivers/sercom/sercom.o
 .ARM.attributes
                0x00000338       0x32 src/ASF/sam0/drivers/sercom/sercom_interrupt.o
 .ARM.attributes
                0x0000036a       0x32 src/ASF/sam0/drivers/sercom/spi/spi.o
 .ARM.attributes
                0x0000039c       0x32 src/ASF/sam0/drivers/sercom/spi/spi_interrupt.o
 .ARM.attributes
                0x000003ce       0x32 src/ASF/sam0/drivers/sercom/usart/usart.o
 .ARM.attributes
                0x00000400       0x32 src/ASF/sam0/drivers/sercom/usart/usart_interrupt.o
 .ARM.attributes
                0x00000432       0x32 src/ASF/sam0/drivers/system/clock/clock_samd21_r21_da_ha1/clock.o
 .ARM.attributes
                0x00000464       0x32 src/ASF/sam0/drivers/system/clock/clock_samd21_r21_da_ha1/gclk.o
 .ARM.attributes
                0x00000496       0x32 src/ASF/sam0/drivers/system/pinmux/pinmux.o
 .ARM.attributes
                0x000004c8       0x32 src/ASF/sam0/drivers/system/system.o
 .ARM.attributes
                0x000004fa       0x32 src/ASF/sam0/utils/cmsis/samd21/source/gcc/startup_samd21.o
 .ARM.attributes
                0x0000052c       0x32 src/ASF/sam0/utils/stdio/read.o
 .ARM.attributes
                0x0000055e       0x32 src/ASF/sam0/utils/stdio/write.o
 .ARM.attributes
                0x00000590       0x32 src/ASF/sam0/utils/syscalls/gcc/syscalls.o
 .ARM.attributes
                0x000005c2       0x32 src/ASF/thirdparty/fatfs/fatfs-port-r0.09/diskio.o
 .ARM.attributes
                0x000005f4       0x32 src/ASF/thirdparty/fatfs/fatfs-port-r0.09/sam0/fattime_rtc.o
 .ARM.attributes
                0x00000626       0x32 src/ASF/thirdparty/fatfs/fatfs-r0.09/src/ff.o
 .ARM.attributes
                0x00000658       0x32 src/ASF/thirdparty/fatfs/fatfs-r0.09/src/option/ccsbcs.o
 .ARM.attributes
                0x0000068a       0x32 src/BootMain.o
 .ARM.attributes
                0x000006bc       0x1e c:/program files (x86)/atmel/studio/7.0/toolchain/arm/arm-gnu-toolchain/bin/../lib/gcc/arm-none-eabi/6.3.1/thumb/v6-m\libgcc.a(_udivsi3.o)
 .ARM.attributes
                0x000006da       0x1e c:/program files (x86)/atmel/studio/7.0/toolchain/arm/arm-gnu-toolchain/bin/../lib/gcc/arm-none-eabi/6.3.1/thumb/v6-m\libgcc.a(_divsi3.o)
 .ARM.attributes
                0x000006f8       0x1e c:/program files (x86)/atmel/studio/7.0/toolchain/arm/arm-gnu-toolchain/bin/../lib/gcc/arm-none-eabi/6.3.1/thumb/v6-m\libgcc.a(_dvmd_tls.o)
 .ARM.attributes
                0x00000716       0x2c c:/program files (x86)/atmel/studio/7.0/toolchain/arm/arm-gnu-toolchain/bin/../lib/gcc/arm-none-eabi/6.3.1/thumb/v6-m\libgcc.a(_muldi3.o)
 .ARM.attributes
                0x00000742       0x2c c:/program files (x86)/atmel/studio/7.0/toolchain/arm/arm-gnu-toolchain/bin/../lib/gcc/arm-none-eabi/6.3.1/../../../../arm-none-eabi/lib/thumb/v6-m\libc_nano.a(lib_a-impure.o)
 .ARM.attributes
                0x0000076e       0x2c c:/program files (x86)/atmel/studio/7.0/toolchain/arm/arm-gnu-toolchain/bin/../lib/gcc/arm-none-eabi/6.3.1/../../../../arm-none-eabi/lib/thumb/v6-m\libc_nano.a(lib_a-init.o)
 .ARM.attributes
                0x0000079a       0x2c c:/program files (x86)/atmel/studio/7.0/toolchain/arm/arm-gnu-toolchain/bin/../lib/gcc/arm-none-eabi/6.3.1/../../../../arm-none-eabi/lib/thumb/v6-m\libc_nano.a(lib_a-malloc.o)
 .ARM.attributes
                0x000007c6       0x2c c:/program files (x86)/atmel/studio/7.0/toolchain/arm/arm-gnu-toolchain/bin/../lib/gcc/arm-none-eabi/6.3.1/../../../../arm-none-eabi/lib/thumb/v6-m\libc_nano.a(lib_a-memcpy-stub.o)
 .ARM.attributes
                0x000007f2       0x2c c:/program files (x86)/atmel/studio/7.0/toolchain/arm/arm-gnu-toolchain/bin/../lib/gcc/arm-none-eabi/6.3.1/../../../../arm-none-eabi/lib/thumb/v6-m\libc_nano.a(lib_a-memset.o)
 .ARM.attributes
                0x0000081e       0x2c c:/program files (x86)/atmel/studio/7.0/toolchain/arm/arm-gnu-toolchain/bin/../lib/gcc/arm-none-eabi/6.3.1/../../../../arm-none-eabi/lib/thumb/v6-m\libc_nano.a(lib_a-nano-freer.o)
 .ARM.attributes
                0x0000084a       0x2c c:/program files (x86)/atmel/studio/7.0/toolchain/arm/arm-gnu-toolchain/bin/../lib/gcc/arm-none-eabi/6.3.1/../../../../arm-none-eabi/lib/thumb/v6-m\libc_nano.a(lib_a-nano-mallocr.o)
 .ARM.attributes
                0x00000876       0x2c c:/program files (x86)/atmel/studio/7.0/toolchain/arm/arm-gnu-toolchain/bin/../lib/gcc/arm-none-eabi/6.3.1/../../../../arm-none-eabi/lib/thumb/v6-m\libc_nano.a(lib_a-sbrkr.o)
 .ARM.attributes
                0x000008a2       0x2c c:/program files (x86)/atmel/studio/7.0/toolchain/arm/arm-gnu-toolchain/bin/../lib/gcc/arm-none-eabi/6.3.1/../../../../arm-none-eabi/lib/thumb/v6-m\libc_nano.a(lib_a-setbuf.o)
 .ARM.attributes
                0x000008ce       0x2c c:/program files (x86)/atmel/studio/7.0/toolchain/arm/arm-gnu-toolchain/bin/../lib/gcc/arm-none-eabi/6.3.1/../../../../arm-none-eabi/lib/thumb/v6-m\libc_nano.a(lib_a-setvbuf.o)
 .ARM.attributes
                0x000008fa       0x1c c:/program files (x86)/atmel/studio/7.0/toolchain/arm/arm-gnu-toolchain/bin/../lib/gcc/arm-none-eabi/6.3.1/../../../../arm-none-eabi/lib/thumb/v6-m\libc_nano.a(lib_a-strlen.o)
 .ARM.attributes
                0x00000916       0x2c c:/program files (x86)/atmel/studio/7.0/toolchain/arm/arm-gnu-toolchain/bin/../lib/gcc/arm-none-eabi/6.3.1/../../../../arm-none-eabi/lib/thumb/v6-m\libc_nano.a(lib_a-fflush.o)
 .ARM.attributes
                0x00000942       0x2c c:/program files (x86)/atmel/studio/7.0/toolchain/arm/arm-gnu-toolchain/bin/../lib/gcc/arm-none-eabi/6.3.1/../../../../arm-none-eabi/lib/thumb/v6-m\libc_nano.a(lib_a-findfp.o)
 .ARM.attributes
                0x0000096e       0x2c c:/program files (x86)/atmel/studio/7.0/toolchain/arm/arm-gnu-toolchain/bin/../lib/gcc/arm-none-eabi/6.3.1/../../../../arm-none-eabi/lib/thumb/v6-m\libc_nano.a(lib_a-fwalk.o)
 .ARM.attributes
                0x0000099a       0x2c c:/program files (x86)/atmel/studio/7.0/toolchain/arm/arm-gnu-toolchain/bin/../lib/gcc/arm-none-eabi/6.3.1/../../../../arm-none-eabi/lib/thumb/v6-m\libc_nano.a(lib_a-makebuf.o)
 .ARM.attributes
                0x000009c6       0x2c c:/program files (x86)/atmel/studio/7.0/toolchain/arm/arm-gnu-toolchain/bin/../lib/gcc/arm-none-eabi/6.3.1/../../../../arm-none-eabi/lib/thumb/v6-m\libc_nano.a(lib_a-mlock.o)
 .ARM.attributes
                0x000009f2       0x2c c:/program files (x86)/atmel/studio/7.0/toolchain/arm/arm-gnu-toolchain/bin/../lib/gcc/arm-none-eabi/6.3.1/../../../../arm-none-eabi/lib/thumb/v6-m\libc_nano.a(lib_a-reent.o)
 .ARM.attributes
                0x00000a1e       0x2c c:/program files (x86)/atmel/studio/7.0/toolchain/arm/arm-gnu-toolchain/bin/../lib/gcc/arm-none-eabi/6.3.1/../../../../arm-none-eabi/lib/thumb/v6-m\libc_nano.a(lib_a-stdio.o)
 .ARM.attributes
                0x00000a4a       0x2c c:/program files (x86)/atmel/studio/7.0/toolchain/arm/arm-gnu-toolchain/bin/../lib/gcc/arm-none-eabi/6.3.1/../../../../arm-none-eabi/lib/thumb/v6-m\libc_nano.a(lib_a-writer.o)
 .ARM.attributes
                0x00000a76       0x2c c:/program files (x86)/atmel/studio/7.0/toolchain/arm/arm-gnu-toolchain/bin/../lib/gcc/arm-none-eabi/6.3.1/../../../../arm-none-eabi/lib/thumb/v6-m\libc_nano.a(lib_a-closer.o)
 .ARM.attributes
                0x00000aa2       0x2c c:/program files (x86)/atmel/studio/7.0/toolchain/arm/arm-gnu-toolchain/bin/../lib/gcc/arm-none-eabi/6.3.1/../../../../arm-none-eabi/lib/thumb/v6-m\libc_nano.a(lib_a-fstatr.o)
 .ARM.attributes
                0x00000ace       0x2c c:/program files (x86)/atmel/studio/7.0/toolchain/arm/arm-gnu-toolchain/bin/../lib/gcc/arm-none-eabi/6.3.1/../../../../arm-none-eabi/lib/thumb/v6-m\libc_nano.a(lib_a-lseekr.o)
 .ARM.attributes
                0x00000afa       0x2c c:/program files (x86)/atmel/studio/7.0/toolchain/arm/arm-gnu-toolchain/bin/../lib/gcc/arm-none-eabi/6.3.1/../../../../arm-none-eabi/lib/thumb/v6-m\libc_nano.a(lib_a-readr.o)
 .ARM.attributes
                0x00000b26       0x1e c:/program files (x86)/atmel/studio/7.0/toolchain/arm/arm-gnu-toolchain/bin/../lib/gcc/arm-none-eabi/6.3.1/thumb/v6-m/crtn.o

.comment        0x00000000       0x59
 .comment       0x00000000       0x59 src/ASF/common2/services/delay/sam0/systick_counter.o
                                 0x5a (size before relaxing)
 .comment       0x00000059       0x5a src/Systick/Systick.o
 .comment       0x00000059       0x5a src/ASF/sam0/boards/board_init.o
 .comment       0x00000059       0x5a src/ASF/sam0/drivers/nvm/nvm.o
 .comment       0x00000059       0x5a src/SD Card/SdCard.o
 .comment       0x00000059       0x5a src/SerialConsole/circular_buffer.o
 .comment       0x00000059       0x5a src/SerialConsole/SerialConsole.o
 .comment       0x00000059       0x5a src/ASF/common2/components/memory/sd_mmc/sd_mmc.o
 .comment       0x00000059       0x5a src/ASF/common2/components/memory/sd_mmc/sd_mmc_mem.o
 .comment       0x00000059       0x5a src/ASF/common2/components/memory/sd_mmc/sd_mmc_spi.o
 .comment       0x00000059       0x5a src/ASF/common/services/storage/ctrl_access/ctrl_access.o
 .comment       0x00000059       0x5a src/ASF/common/utils/interrupt/interrupt_sam_nvic.o
 .comment       0x00000059       0x5a src/ASF/sam0/drivers/port/port.o
 .comment       0x00000059       0x5a src/ASF/sam0/drivers/rtc/rtc_sam_d_r_h/rtc_calendar.o
 .comment       0x00000059       0x5a src/ASF/sam0/drivers/sercom/sercom.o
 .comment       0x00000059       0x5a src/ASF/sam0/drivers/sercom/sercom_interrupt.o
 .comment       0x00000059       0x5a src/ASF/sam0/drivers/sercom/spi/spi.o
 .comment       0x00000059       0x5a src/ASF/sam0/drivers/sercom/spi/spi_interrupt.o
 .comment       0x00000059       0x5a src/ASF/sam0/drivers/sercom/usart/usart.o
 .comment       0x00000059       0x5a src/ASF/sam0/drivers/sercom/usart/usart_interrupt.o
 .comment       0x00000059       0x5a src/ASF/sam0/drivers/system/clock/clock_samd21_r21_da_ha1/clock.o
 .comment       0x00000059       0x5a src/ASF/sam0/drivers/system/clock/clock_samd21_r21_da_ha1/gclk.o
 .comment       0x00000059       0x5a src/ASF/sam0/drivers/system/pinmux/pinmux.o
 .comment       0x00000059       0x5a src/ASF/sam0/drivers/system/system.o
 .comment       0x00000059       0x5a src/ASF/sam0/utils/cmsis/samd21/source/gcc/startup_samd21.o
 .comment       0x00000059       0x5a src/ASF/sam0/utils/stdio/read.o
 .comment       0x00000059       0x5a src/ASF/sam0/utils/stdio/write.o
 .comment       0x00000059       0x5a src/ASF/sam0/utils/syscalls/gcc/syscalls.o
 .comment       0x00000059       0x5a src/ASF/thirdparty/fatfs/fatfs-port-r0.09/diskio.o
 .comment       0x00000059       0x5a src/ASF/thirdparty/fatfs/fatfs-port-r0.09/sam0/fattime_rtc.o
 .comment       0x00000059       0x5a src/ASF/thirdparty/fatfs/fatfs-r0.09/src/ff.o
 .comment       0x00000059       0x5a src/ASF/thirdparty/fatfs/fatfs-r0.09/src/option/ccsbcs.o
 .comment       0x00000059       0x5a src/BootMain.o

.debug_info     0x00000000    0x4a862
 .debug_info    0x00000000      0xb60 src/ASF/common2/services/delay/sam0/systick_counter.o
 .debug_info    0x00000b60     0x2db2 src/Systick/Systick.o
 .debug_info    0x00003912     0x12a7 src/ASF/sam0/boards/board_init.o
 .debug_info    0x00004bb9     0x2471 src/ASF/sam0/drivers/nvm/nvm.o
 .debug_info    0x0000702a     0x29ef src/SD Card/SdCard.o
 .debug_info    0x00009a19      0xd03 src/SerialConsole/circular_buffer.o
 .debug_info    0x0000a71c     0x39a9 src/SerialConsole/SerialConsole.o
 .debug_info    0x0000e0c5     0x3c32 src/ASF/common2/components/memory/sd_mmc/sd_mmc.o
 .debug_info    0x00011cf7      0xffe src/ASF/common2/components/memory/sd_mmc/sd_mmc_mem.o
 .debug_info    0x00012cf5     0x44c4 src/ASF/common2/components/memory/sd_mmc/sd_mmc_spi.o
 .debug_info    0x000171b9      0xe61 src/ASF/common/services/storage/ctrl_access/ctrl_access.o
 .debug_info    0x0001801a      0xb0c src/ASF/common/utils/interrupt/interrupt_sam_nvic.o
 .debug_info    0x00018b26     0x127c src/ASF/sam0/drivers/port/port.o
 .debug_info    0x00019da2     0x3104 src/ASF/sam0/drivers/rtc/rtc_sam_d_r_h/rtc_calendar.o
 .debug_info    0x0001cea6     0x2d91 src/ASF/sam0/drivers/sercom/sercom.o
 .debug_info    0x0001fc37     0x2b6a src/ASF/sam0/drivers/sercom/sercom_interrupt.o
 .debug_info    0x000227a1     0x55cb src/ASF/sam0/drivers/sercom/spi/spi.o
 .debug_info    0x00027d6c     0x3098 src/ASF/sam0/drivers/sercom/spi/spi_interrupt.o
 .debug_info    0x0002ae04     0x4875 src/ASF/sam0/drivers/sercom/usart/usart.o
 .debug_info    0x0002f679     0x2f5b src/ASF/sam0/drivers/sercom/usart/usart_interrupt.o
 .debug_info    0x000325d4     0x384e src/ASF/sam0/drivers/system/clock/clock_samd21_r21_da_ha1/clock.o
 .debug_info    0x00035e22     0x1d0b src/ASF/sam0/drivers/system/clock/clock_samd21_r21_da_ha1/gclk.o
 .debug_info    0x00037b2d     0x13be src/ASF/sam0/drivers/system/pinmux/pinmux.o
 .debug_info    0x00038eeb      0xa74 src/ASF/sam0/drivers/system/system.o
 .debug_info    0x0003995f     0x3a42 src/ASF/sam0/utils/cmsis/samd21/source/gcc/startup_samd21.o
 .debug_info    0x0003d3a1      0xabf src/ASF/sam0/utils/stdio/read.o
 .debug_info    0x0003de60      0xac8 src/ASF/sam0/utils/stdio/write.o
 .debug_info    0x0003e928      0xda1 src/ASF/sam0/utils/syscalls/gcc/syscalls.o
 .debug_info    0x0003f6c9     0x24a8 src/ASF/thirdparty/fatfs/fatfs-port-r0.09/diskio.o
 .debug_info    0x00041b71     0x1f20 src/ASF/thirdparty/fatfs/fatfs-port-r0.09/sam0/fattime_rtc.o
 .debug_info    0x00043a91     0x276d src/ASF/thirdparty/fatfs/fatfs-r0.09/src/ff.o
 .debug_info    0x000461fe      0x16a src/ASF/thirdparty/fatfs/fatfs-r0.09/src/option/ccsbcs.o
 .debug_info    0x00046368     0x44fa src/BootMain.o

.debug_abbrev   0x00000000     0x5cbc
 .debug_abbrev  0x00000000      0x22d src/ASF/common2/services/delay/sam0/systick_counter.o
 .debug_abbrev  0x0000022d      0x2f7 src/Systick/Systick.o
 .debug_abbrev  0x00000524      0x2a2 src/ASF/sam0/boards/board_init.o
 .debug_abbrev  0x000007c6      0x36f src/ASF/sam0/drivers/nvm/nvm.o
 .debug_abbrev  0x00000b35      0x29c src/SD Card/SdCard.o
 .debug_abbrev  0x00000dd1      0x211 src/SerialConsole/circular_buffer.o
 .debug_abbrev  0x00000fe2      0x3d3 src/SerialConsole/SerialConsole.o
 .debug_abbrev  0x000013b5      0x398 src/ASF/common2/components/memory/sd_mmc/sd_mmc.o
 .debug_abbrev  0x0000174d      0x23c src/ASF/common2/components/memory/sd_mmc/sd_mmc_mem.o
 .debug_abbrev  0x00001989      0x40e src/ASF/common2/components/memory/sd_mmc/sd_mmc_spi.o
 .debug_abbrev  0x00001d97      0x24f src/ASF/common/services/storage/ctrl_access/ctrl_access.o
 .debug_abbrev  0x00001fe6      0x22e src/ASF/common/utils/interrupt/interrupt_sam_nvic.o
 .debug_abbrev  0x00002214      0x27b src/ASF/sam0/drivers/port/port.o
 .debug_abbrev  0x0000248f      0x3ac src/ASF/sam0/drivers/rtc/rtc_sam_d_r_h/rtc_calendar.o
 .debug_abbrev  0x0000283b      0x30e src/ASF/sam0/drivers/sercom/sercom.o
 .debug_abbrev  0x00002b49      0x2bf src/ASF/sam0/drivers/sercom/sercom_interrupt.o
 .debug_abbrev  0x00002e08      0x3dd src/ASF/sam0/drivers/sercom/spi/spi.o
 .debug_abbrev  0x000031e5      0x33b src/ASF/sam0/drivers/sercom/spi/spi_interrupt.o
 .debug_abbrev  0x00003520      0x38f src/ASF/sam0/drivers/sercom/usart/usart.o
 .debug_abbrev  0x000038af      0x344 src/ASF/sam0/drivers/sercom/usart/usart_interrupt.o
 .debug_abbrev  0x00003bf3      0x3ab src/ASF/sam0/drivers/system/clock/clock_samd21_r21_da_ha1/clock.o
 .debug_abbrev  0x00003f9e      0x37a src/ASF/sam0/drivers/system/clock/clock_samd21_r21_da_ha1/gclk.o
 .debug_abbrev  0x00004318      0x2d7 src/ASF/sam0/drivers/system/pinmux/pinmux.o
 .debug_abbrev  0x000045ef      0x1e1 src/ASF/sam0/drivers/system/system.o
 .debug_abbrev  0x000047d0      0x227 src/ASF/sam0/utils/cmsis/samd21/source/gcc/startup_samd21.o
 .debug_abbrev  0x000049f7      0x1f4 src/ASF/sam0/utils/stdio/read.o
 .debug_abbrev  0x00004beb      0x1f4 src/ASF/sam0/utils/stdio/write.o
 .debug_abbrev  0x00004ddf      0x22a src/ASF/sam0/utils/syscalls/gcc/syscalls.o
 .debug_abbrev  0x00005009      0x36e src/ASF/thirdparty/fatfs/fatfs-port-r0.09/diskio.o
 .debug_abbrev  0x00005377      0x254 src/ASF/thirdparty/fatfs/fatfs-port-r0.09/sam0/fattime_rtc.o
 .debug_abbrev  0x000055cb      0x1f4 src/ASF/thirdparty/fatfs/fatfs-r0.09/src/ff.o
 .debug_abbrev  0x000057bf       0xc7 src/ASF/thirdparty/fatfs/fatfs-r0.09/src/option/ccsbcs.o
 .debug_abbrev  0x00005886      0x436 src/BootMain.o

.debug_loc      0x00000000     0x5987
 .debug_loc     0x00000000       0xd4 src/ASF/common2/services/delay/sam0/systick_counter.o
 .debug_loc     0x000000d4      0x164 src/Systick/Systick.o
 .debug_loc     0x00000238      0x118 src/ASF/sam0/boards/board_init.o
 .debug_loc     0x00000350      0x332 src/ASF/sam0/drivers/nvm/nvm.o
 .debug_loc     0x00000682       0xa8 src/SD Card/SdCard.o
 .debug_loc     0x0000072a      0x2a0 src/SerialConsole/circular_buffer.o
 .debug_loc     0x000009ca      0x51e src/SerialConsole/SerialConsole.o
 .debug_loc     0x00000ee8      0x98e src/ASF/common2/components/memory/sd_mmc/sd_mmc.o
 .debug_loc     0x00001876      0x450 src/ASF/common2/components/memory/sd_mmc/sd_mmc_mem.o
 .debug_loc     0x00001cc6      0x736 src/ASF/common2/components/memory/sd_mmc/sd_mmc_spi.o
 .debug_loc     0x000023fc      0x250 src/ASF/common/services/storage/ctrl_access/ctrl_access.o
 .debug_loc     0x0000264c       0x64 src/ASF/common/utils/interrupt/interrupt_sam_nvic.o
 .debug_loc     0x000026b0       0xa8 src/ASF/sam0/drivers/port/port.o
 .debug_loc     0x00002758      0x380 src/ASF/sam0/drivers/rtc/rtc_sam_d_r_h/rtc_calendar.o
 .debug_loc     0x00002ad8      0x18c src/ASF/sam0/drivers/sercom/sercom.o
 .debug_loc     0x00002c64      0x1b0 src/ASF/sam0/drivers/sercom/sercom_interrupt.o
 .debug_loc     0x00002e14      0x5a6 src/ASF/sam0/drivers/sercom/spi/spi.o
 .debug_loc     0x000033ba      0x310 src/ASF/sam0/drivers/sercom/spi/spi_interrupt.o
 .debug_loc     0x000036ca      0x297 src/ASF/sam0/drivers/sercom/usart/usart.o
 .debug_loc     0x00003961      0x330 src/ASF/sam0/drivers/sercom/usart/usart_interrupt.o
 .debug_loc     0x00003c91      0x51e src/ASF/sam0/drivers/system/clock/clock_samd21_r21_da_ha1/clock.o
 .debug_loc     0x000041af      0x388 src/ASF/sam0/drivers/system/clock/clock_samd21_r21_da_ha1/gclk.o
 .debug_loc     0x00004537      0x150 src/ASF/sam0/drivers/system/pinmux/pinmux.o
 .debug_loc     0x00004687       0x58 src/ASF/sam0/drivers/system/system.o
 .debug_loc     0x000046df       0x64 src/ASF/sam0/utils/cmsis/samd21/source/gcc/startup_samd21.o
 .debug_loc     0x00004743       0x38 src/ASF/sam0/utils/stdio/read.o
 .debug_loc     0x0000477b       0x38 src/ASF/sam0/utils/stdio/write.o
 .debug_loc     0x000047b3      0x1ec src/ASF/sam0/utils/syscalls/gcc/syscalls.o
 .debug_loc     0x0000499f      0x1c0 src/ASF/thirdparty/fatfs/fatfs-port-r0.09/diskio.o
 .debug_loc     0x00004b5f       0x38 src/ASF/thirdparty/fatfs/fatfs-port-r0.09/sam0/fattime_rtc.o
 .debug_loc     0x00004b97      0xb1a src/ASF/thirdparty/fatfs/fatfs-r0.09/src/ff.o
 .debug_loc     0x000056b1       0x70 src/ASF/thirdparty/fatfs/fatfs-r0.09/src/option/ccsbcs.o
 .debug_loc     0x00005721      0x266 src/BootMain.o

.debug_aranges  0x00000000     0x1040
 .debug_aranges
                0x00000000       0x38 src/ASF/common2/services/delay/sam0/systick_counter.o
 .debug_aranges